11/23/2025 - 12:01:16 - [INFO] - Logger initialized.
11/23/2025 - 12:01:16 - [INFO] - Setup folders for ./comments/2023-07776/
11/23/2025 - 12:01:18 - [INFO] - Scraping page 1...
11/23/2025 - 12:01:20 - [INFO] - Opened URL https://www.regulations.gov/comment/NTIA-2023-0005-1453
11/23/2025 - 12:01:20 - [INFO] - Found attachments: [<selenium.webdriver.remote.webelement.WebElement (session="3fc074259fc49082b5c3ce27adacdd58", element="f.1B83529F98F365779B57FB10F724392A.d.DFCB0E16D11ACFC9DF35B34523EA5862.e.9")>]
11/23/2025 - 12:01:21 - [INFO] - Found 1 attachments
11/23/2025 - 12:01:21 - [INFO] - Downloading attachment 1/1 from https://downloads.regulations.gov/NTIA-2023-0005-1453/attachment_1.pdf
11/23/2025 - 12:01:21 - [INFO] - Updated metadata.json for NTIA-2023-0005-1453
11/23/2025 - 12:01:21 - [INFO] - PDF file saved as NTIA__Questions__20230627__NTIA-2023-0005-1453.pdf
11/23/2025 - 12:01:24 - [INFO] - Opened URL https://www.regulations.gov/comment/NTIA-2023-0005-1139
11/23/2025 - 12:01:24 - [INFO] - Found attachments: [<selenium.webdriver.remote.webelement.WebElement (session="3fc074259fc49082b5c3ce27adacdd58", element="f.AD90E8019E63EBA4B80081BA4B01E816.d.DE8434FEDE9A2358C7434BC343DF8A2C.e.11")>]
11/23/2025 - 12:01:24 - [INFO] - Found 1 attachments
11/23/2025 - 12:01:24 - [INFO] - Downloading attachment 1/1 from https://downloads.regulations.gov/NTIA-2023-0005-1139/attachment_1.pdf
11/23/2025 - 12:01:24 - [INFO] - Updated metadata.json for NTIA-2023-0005-1139
11/23/2025 - 12:01:24 - [INFO] - PDF file saved as NTIA__CommentonFRDoc202307776__20230615__NTIA-2023-0005-1139.pdf
11/23/2025 - 12:01:34 - [INFO] - No container found. Retrying...
11/23/2025 - 12:01:43 - [INFO] - No container found. Retrying...
11/23/2025 - 12:01:51 - [INFO] - No container found. Retrying...
11/23/2025 - 12:01:59 - [INFO] - No container found. Retrying...
11/23/2025 - 12:02:07 - [INFO] - No container found. Retrying...
11/23/2025 - 12:02:15 - [INFO] - No container found. Retrying...
11/23/2025 - 12:02:24 - [INFO] - No container found. Retrying...
11/23/2025 - 12:02:32 - [INFO] - No container found. Retrying...
