11/23/2025 - 12:17:16 - [INFO] - Logger initialized.
11/23/2025 - 12:17:16 - [INFO] - Setup folders for ./comments/2023-07776/
11/23/2025 - 12:17:25 - [INFO] - No container found. Retrying...
11/23/2025 - 12:17:33 - [INFO] - No container found. Retrying...
11/23/2025 - 12:17:41 - [INFO] - No container found. Retrying...
11/23/2025 - 12:17:49 - [INFO] - No container found. Retrying...
11/23/2025 - 12:17:57 - [INFO] - No container found. Retrying...
11/23/2025 - 12:18:05 - [INFO] - No container found. Retrying...
11/23/2025 - 12:18:14 - [INFO] - No container found. Retrying...
11/23/2025 - 12:18:22 - [INFO] - No container found. Retrying...
11/23/2025 - 12:18:30 - [INFO] - No container found. Retrying...
11/23/2025 - 12:18:38 - [INFO] - No container found. Retrying...
11/23/2025 - 12:18:46 - [INFO] - No container found. Retrying...
11/23/2025 - 12:18:48 - [INFO] - Scraping page 1...
11/23/2025 - 12:18:56 - [INFO] - No container found. Retrying...
11/23/2025 - 12:19:04 - [INFO] - No container found. Retrying...
11/23/2025 - 12:19:12 - [INFO] - No container found. Retrying...
11/23/2025 - 12:19:20 - [INFO] - No container found. Retrying...
11/23/2025 - 12:19:28 - [INFO] - No container found. Retrying...
11/23/2025 - 12:19:38 - [INFO] - No container found. Retrying...
11/23/2025 - 12:19:47 - [INFO] - No container found. Retrying...
11/23/2025 - 12:19:55 - [INFO] - No container found. Retrying...
11/23/2025 - 12:20:03 - [INFO] - No container found. Retrying...
11/23/2025 - 12:20:11 - [INFO] - No container found. Retrying...
11/23/2025 - 12:20:19 - [INFO] - No container found. Retrying...
11/23/2025 - 12:20:28 - [INFO] - No container found. Retrying...
11/23/2025 - 12:20:36 - [INFO] - No container found. Retrying...
11/23/2025 - 12:20:44 - [INFO] - No container found. Retrying...
11/23/2025 - 12:20:52 - [INFO] - No container found. Retrying...
11/23/2025 - 12:21:00 - [INFO] - No container found. Retrying...
11/23/2025 - 12:21:01 - [INFO] - Opened URL https://www.regulations.gov/comment/NTIA-2023-0005-1453
11/23/2025 - 12:21:01 - [INFO] - Found attachments: [<selenium.webdriver.remote.webelement.WebElement (session="01382c03efe1d4535f6b143d5964948d", element="f.8C34E2FF93DC48EBE443FE01456B10EA.d.5B6F1CCB26D9A2E8048D98FB90DE2606.e.57")>]
11/23/2025 - 12:21:01 - [INFO] - Found 1 attachments
11/23/2025 - 12:21:01 - [INFO] - Downloading attachment 1/1 from https://downloads.regulations.gov/NTIA-2023-0005-1453/attachment_1.pdf
11/23/2025 - 12:21:02 - [INFO] - Updated metadata.json for NTIA-2023-0005-1453
11/23/2025 - 12:21:02 - [INFO] - PDF file saved as N__Questions__20230627__NTIA-2023-0005-1453.pdf
11/23/2025 - 12:21:12 - [INFO] - No container found. Retrying...
11/23/2025 - 12:21:20 - [INFO] - No container found. Retrying...
11/23/2025 - 12:21:21 - [INFO] - Opened URL https://www.regulations.gov/comment/NTIA-2023-0005-1139
11/23/2025 - 12:21:21 - [INFO] - Found attachments: [<selenium.webdriver.remote.webelement.WebElement (session="01382c03efe1d4535f6b143d5964948d", element="f.5D5A1021C44BA2E3993C9DD7542D9C15.d.1065A156997B097555D48B8B8BF836AE.e.23")>]
11/23/2025 - 12:21:21 - [INFO] - Found 1 attachments
11/23/2025 - 12:21:21 - [INFO] - Downloading attachment 1/1 from https://downloads.regulations.gov/NTIA-2023-0005-1139/attachment_1.pdf
11/23/2025 - 12:21:22 - [INFO] - Updated metadata.json for NTIA-2023-0005-1139
11/23/2025 - 12:21:22 - [INFO] - PDF file saved as N__CommentonFRDoc202307776__20230615__NTIA-2023-0005-1139.pdf
11/23/2025 - 12:21:24 - [INFO] - Opened URL https://www.regulations.gov/comment/NTIA-2023-0005-1092
11/23/2025 - 12:21:24 - [INFO] - Found attachments: [<selenium.webdriver.remote.webelement.WebElement (session="01382c03efe1d4535f6b143d5964948d", element="f.EDA37F8835305E4BA046B47332DF9DAA.d.E5F9A26BD0DC47DDCFB9F70AB29D8BD2.e.11")>]
11/23/2025 - 12:21:26 - [INFO] - Relevant abstract detected — saving as attachment 1/2
11/23/2025 - 12:21:26 - [INFO] - DOCX file saved as N__CommentonFRDoc202307776__20230615__NTIA-2023-0005-1092_attachment1.docx
11/23/2025 - 12:21:31 - [INFO] - Updated metadata.json for NTIA-2023-0005-1092
11/23/2025 - 12:21:31 - [INFO] - PDF file saved as N__CommentonFRDoc202307776__20230615__NTIA-2023-0005-1092_attachment1.pdf
11/23/2025 - 12:21:31 - [INFO] - Found 1 attachments
11/23/2025 - 12:21:31 - [INFO] - Downloading attachment 2/2 from https://downloads.regulations.gov/NTIA-2023-0005-1092/attachment_1.pdf
11/23/2025 - 12:21:31 - [INFO] - Updated metadata.json for NTIA-2023-0005-1092
11/23/2025 - 12:21:31 - [INFO] - PDF file saved as N__CommentonFRDoc202307776__20230615__NTIA-2023-0005-1092_attachment2.pdf
11/23/2025 - 12:21:34 - [INFO] - Opened URL https://www.regulations.gov/comment/NTIA-2023-0005-1121
11/23/2025 - 12:21:34 - [INFO] - Found attachments: [<selenium.webdriver.remote.webelement.WebElement (session="01382c03efe1d4535f6b143d5964948d", element="f.3901D4FB0B0DBA16DF275E9618555769.d.AE70E9B01DDEE3A21DD91389004CE5E0.e.10")>]
11/23/2025 - 12:21:34 - [INFO] - Found 1 attachments
11/23/2025 - 12:21:34 - [INFO] - Downloading attachment 1/1 from https://downloads.regulations.gov/NTIA-2023-0005-1121/attachment_1.pdf
11/23/2025 - 12:21:34 - [INFO] - Updated metadata.json for NTIA-2023-0005-1121
11/23/2025 - 12:21:34 - [INFO] - PDF file saved as N__CommentonFRDoc202307776__20230615__NTIA-2023-0005-1121.pdf
11/23/2025 - 12:21:44 - [INFO] - No container found. Retrying...
11/23/2025 - 12:21:52 - [INFO] - No container found. Retrying...
11/23/2025 - 12:22:00 - [INFO] - No container found. Retrying...
11/23/2025 - 12:22:08 - [INFO] - No container found. Retrying...
11/23/2025 - 12:22:17 - [INFO] - No container found. Retrying...
11/23/2025 - 12:22:25 - [INFO] - No container found. Retrying...
11/23/2025 - 12:22:33 - [INFO] - No container found. Retrying...
11/23/2025 - 12:22:41 - [INFO] - No container found. Retrying...
11/23/2025 - 12:22:49 - [INFO] - No container found. Retrying...
11/23/2025 - 12:22:51 - [INFO] - Opened URL https://www.regulations.gov/comment/NTIA-2023-0005-1208
11/23/2025 - 12:22:51 - [INFO] - Found attachments: [<selenium.webdriver.remote.webelement.WebElement (session="01382c03efe1d4535f6b143d5964948d", element="f.2CC83E60E5E3EFF82CD816F68225398F.d.77E8C3224F83C71C8671562C57FBCC96.e.50")>]
11/23/2025 - 12:22:51 - [INFO] - Found 1 attachments
11/23/2025 - 12:22:51 - [INFO] - Downloading attachment 1/1 from https://downloads.regulations.gov/NTIA-2023-0005-1208/attachment_1.pdf
11/23/2025 - 12:22:51 - [INFO] - Updated metadata.json for NTIA-2023-0005-1208
11/23/2025 - 12:22:51 - [INFO] - PDF file saved as N__CommentonFRDoc202307776__20230615__NTIA-2023-0005-1208.pdf
