11/23/2025 - 11:29:01 - [INFO] - Logger initialized.
11/23/2025 - 11:29:01 - [INFO] - Setup folders for ./comments/2023-07776/
11/23/2025 - 11:29:04 - [INFO] - Scraping page 1...
11/23/2025 - 11:29:07 - [INFO] - Opened URL https://www.regulations.gov/comment/NTIA-2023-0005-1453
11/23/2025 - 11:29:07 - [INFO] - Found attachments: [<selenium.webdriver.remote.webelement.WebElement (session="fdccb579756e992144f14a535ed885c2", element="f.25B1D79A22CD4225D141B78147A06253.d.1600AA868F484E5A5751D2F03C1570C1.e.10")>]
11/23/2025 - 11:29:07 - [INFO] - Found 1 attachments
11/23/2025 - 11:29:07 - [INFO] - Downloading attachment 1/1 from https://downloads.regulations.gov/NTIA-2023-0005-1453/attachment_1.pdf
11/23/2025 - 11:29:07 - [INFO] - Updated metadata.json for NTIA-2023-0005-1453
11/23/2025 - 11:29:07 - [INFO] - PDF file saved as NTIA__Questions__20230627__NTIA-2023-0005-1453.pdf
11/23/2025 - 11:29:07 - [ERROR] - Error parsing comment: name 'random' is not defined
11/23/2025 - 11:29:07 - [INFO] - Scraping page 2...
11/23/2025 - 11:29:10 - [INFO] - Opened URL https://www.regulations.gov/comment/NTIA-2023-0005-0047
11/23/2025 - 11:29:10 - [INFO] - Found attachments: []
11/23/2025 - 11:29:11 - [INFO] - Relevant abstract detected — saving as attachment 1/1
11/23/2025 - 11:29:11 - [INFO] - DOCX file saved as NTIA__CommentonFRDoc202307776__20230615__NTIA-2023-0005-0047.docx
11/23/2025 - 11:29:16 - [INFO] - Updated metadata.json for NTIA-2023-0005-0047
11/23/2025 - 11:29:16 - [INFO] - PDF file saved as NTIA__CommentonFRDoc202307776__20230615__NTIA-2023-0005-0047.pdf
11/23/2025 - 11:29:16 - [INFO] - Found 0 attachments
11/23/2025 - 11:29:16 - [ERROR] - Error parsing comment: name 'random' is not defined
11/23/2025 - 11:29:16 - [INFO] - Scraping page 3...
11/23/2025 - 11:29:19 - [INFO] - Opened URL https://www.regulations.gov/comment/NTIA-2023-0005-0755
11/23/2025 - 11:29:19 - [INFO] - Found attachments: [<selenium.webdriver.remote.webelement.WebElement (session="fdccb579756e992144f14a535ed885c2", element="f.FB4AA9183C82BECFC96D80D5548475DD.d.D04724F27FCDB3FB6CDD6ED2AEF0510E.e.8")>]
11/23/2025 - 11:29:19 - [INFO] - Found 1 attachments
11/23/2025 - 11:29:19 - [INFO] - Downloading attachment 1/1 from https://downloads.regulations.gov/NTIA-2023-0005-0755/attachment_1.pdf
11/23/2025 - 11:29:20 - [INFO] - Updated metadata.json for NTIA-2023-0005-0755
11/23/2025 - 11:29:20 - [INFO] - PDF file saved as NTIA__CommentonFRDoc202307776__20230615__NTIA-2023-0005-0755.pdf
11/23/2025 - 11:29:20 - [ERROR] - Error parsing comment: name 'random' is not defined
11/23/2025 - 11:29:20 - [INFO] - Scraping page 4...
11/23/2025 - 11:29:23 - [INFO] - Opened URL https://www.regulations.gov/comment/NTIA-2023-0005-0417
11/23/2025 - 11:29:23 - [INFO] - Found attachments: []
11/23/2025 - 11:29:24 - [INFO] - Relevant abstract detected — saving as attachment 1/1
11/23/2025 - 11:29:24 - [INFO] - DOCX file saved as NTIA__CommentonFRDoc202307776__20230615__NTIA-2023-0005-0417.docx
11/23/2025 - 11:29:28 - [INFO] - Updated metadata.json for NTIA-2023-0005-0417
11/23/2025 - 11:29:28 - [INFO] - PDF file saved as NTIA__CommentonFRDoc202307776__20230615__NTIA-2023-0005-0417.pdf
11/23/2025 - 11:29:28 - [INFO] - Found 0 attachments
11/23/2025 - 11:29:28 - [ERROR] - Error parsing comment: name 'random' is not defined
11/23/2025 - 11:29:28 - [INFO] - Scraping page 5...
11/23/2025 - 11:29:32 - [INFO] - Opened URL https://www.regulations.gov/comment/NTIA-2023-0005-1149
11/23/2025 - 11:29:32 - [INFO] - Found attachments: []
11/23/2025 - 11:29:33 - [INFO] - Relevant abstract detected — saving as attachment 1/1
11/23/2025 - 11:29:33 - [INFO] - DOCX file saved as NTIA__CommentonFRDoc202307776__20230615__NTIA-2023-0005-1149.docx
11/23/2025 - 11:29:38 - [INFO] - Updated metadata.json for NTIA-2023-0005-1149
11/23/2025 - 11:29:38 - [INFO] - PDF file saved as NTIA__CommentonFRDoc202307776__20230615__NTIA-2023-0005-1149.pdf
11/23/2025 - 11:29:38 - [INFO] - Found 0 attachments
11/23/2025 - 11:29:38 - [ERROR] - Error parsing comment: name 'random' is not defined
11/23/2025 - 11:29:38 - [INFO] - Scraping page 6...
11/23/2025 - 11:29:41 - [INFO] - Opened URL https://www.regulations.gov/comment/NTIA-2023-0005-1382
11/23/2025 - 11:29:41 - [INFO] - Found attachments: []
11/23/2025 - 11:29:41 - [INFO] - Found 0 attachments
11/23/2025 - 11:29:41 - [WARNING] - No PDF attachments found.
11/23/2025 - 11:29:41 - [ERROR] - Error parsing comment: name 'random' is not defined
11/23/2025 - 11:29:41 - [INFO] - Scraping page 7...
11/23/2025 - 11:29:44 - [INFO] - Opened URL https://www.regulations.gov/comment/NTIA-2023-0005-1165
11/23/2025 - 11:29:44 - [INFO] - Found attachments: []
11/23/2025 - 11:29:45 - [INFO] - Relevant abstract detected — saving as attachment 1/1
11/23/2025 - 11:29:45 - [INFO] - DOCX file saved as NTIA__CommentonFRDoc202307776__20230615__NTIA-2023-0005-1165.docx
11/23/2025 - 11:29:49 - [INFO] - Updated metadata.json for NTIA-2023-0005-1165
11/23/2025 - 11:29:49 - [INFO] - PDF file saved as NTIA__CommentonFRDoc202307776__20230615__NTIA-2023-0005-1165.pdf
11/23/2025 - 11:29:49 - [INFO] - Found 0 attachments
11/23/2025 - 11:29:49 - [ERROR] - Error parsing comment: name 'random' is not defined
11/23/2025 - 11:29:49 - [INFO] - Scraping page 8...
11/23/2025 - 11:29:53 - [INFO] - Opened URL https://www.regulations.gov/comment/NTIA-2023-0005-1311
11/23/2025 - 11:29:53 - [INFO] - Found attachments: [<selenium.webdriver.remote.webelement.WebElement (session="fdccb579756e992144f14a535ed885c2", element="f.7EF8C08A35FBB91EB388A6828E990AD0.d.5637F62979B9F8BB97234B4C746C8F76.e.11")>]
11/23/2025 - 11:29:53 - [INFO] - Found 1 attachments
11/23/2025 - 11:29:53 - [INFO] - Downloading attachment 1/1 from https://downloads.regulations.gov/NTIA-2023-0005-1311/attachment_1.pdf
11/23/2025 - 11:29:53 - [INFO] - Updated metadata.json for NTIA-2023-0005-1311
11/23/2025 - 11:29:53 - [INFO] - PDF file saved as NTIA__CommentonFRDoc202307776__20230615__NTIA-2023-0005-1311.pdf
11/23/2025 - 11:29:53 - [ERROR] - Error parsing comment: name 'random' is not defined
11/23/2025 - 11:29:53 - [INFO] - Scraping page 9...
11/23/2025 - 11:29:56 - [INFO] - Opened URL https://www.regulations.gov/comment/NTIA-2023-0005-1206
11/23/2025 - 11:29:56 - [INFO] - Found attachments: [<selenium.webdriver.remote.webelement.WebElement (session="fdccb579756e992144f14a535ed885c2", element="f.AD94B417075302ABFF9968630DB50930.d.10A0D5C9F5261C9C5628FEF134AEDFE9.e.11")>]
11/23/2025 - 11:29:57 - [INFO] - Found 1 attachments
11/23/2025 - 11:29:57 - [INFO] - Downloading attachment 1/1 from https://downloads.regulations.gov/NTIA-2023-0005-1206/attachment_1.pdf
11/23/2025 - 11:29:57 - [INFO] - Updated metadata.json for NTIA-2023-0005-1206
11/23/2025 - 11:29:57 - [INFO] - PDF file saved as NTIA__CommentonFRDoc202307776__20230615__NTIA-2023-0005-1206.pdf
11/23/2025 - 11:29:57 - [ERROR] - Error parsing comment: name 'random' is not defined
11/23/2025 - 11:29:57 - [INFO] - Scraping page 10...
11/23/2025 - 11:30:00 - [INFO] - Opened URL https://www.regulations.gov/comment/NTIA-2023-0005-0176
11/23/2025 - 11:30:00 - [INFO] - Found attachments: []
11/23/2025 - 11:30:02 - [INFO] - Relevant abstract detected — saving as attachment 1/1
11/23/2025 - 11:30:02 - [INFO] - DOCX file saved as NTIA__CommentonFRDoc202307776__20230615__NTIA-2023-0005-0176.docx
11/23/2025 - 11:30:06 - [INFO] - Updated metadata.json for NTIA-2023-0005-0176
11/23/2025 - 11:30:06 - [INFO] - PDF file saved as NTIA__CommentonFRDoc202307776__20230615__NTIA-2023-0005-0176.pdf
11/23/2025 - 11:30:06 - [INFO] - Found 0 attachments
11/23/2025 - 11:30:06 - [ERROR] - Error parsing comment: name 'random' is not defined
11/23/2025 - 11:30:06 - [INFO] - Scraping page 11...
11/23/2025 - 11:30:09 - [INFO] - Opened URL https://www.regulations.gov/comment/NTIA-2023-0005-0321
11/23/2025 - 11:30:09 - [INFO] - Found attachments: []
11/23/2025 - 11:30:09 - [INFO] - Found 0 attachments
11/23/2025 - 11:30:09 - [WARNING] - No PDF attachments found.
11/23/2025 - 11:30:09 - [ERROR] - Error parsing comment: name 'random' is not defined
11/23/2025 - 11:30:09 - [INFO] - Scraping page 12...
11/23/2025 - 11:30:12 - [INFO] - Opened URL https://www.regulations.gov/comment/NTIA-2023-0005-0082
11/23/2025 - 11:30:12 - [INFO] - Found attachments: []
11/23/2025 - 11:30:14 - [INFO] - Relevant abstract detected — saving as attachment 1/1
11/23/2025 - 11:30:14 - [INFO] - DOCX file saved as NTIA__CommentonFRDoc202307776__20230615__NTIA-2023-0005-0082.docx
11/23/2025 - 11:30:16 - [INFO] - Updated metadata.json for NTIA-2023-0005-0082
11/23/2025 - 11:30:16 - [INFO] - PDF file saved as NTIA__CommentonFRDoc202307776__20230615__NTIA-2023-0005-0082.pdf
11/23/2025 - 11:30:16 - [INFO] - Found 0 attachments
11/23/2025 - 11:30:16 - [ERROR] - Error parsing comment: name 'random' is not defined
11/23/2025 - 11:30:16 - [INFO] - Scraping page 13...
11/23/2025 - 11:30:19 - [INFO] - Opened URL https://www.regulations.gov/comment/NTIA-2023-0005-0092
11/23/2025 - 11:30:19 - [INFO] - Found attachments: [<selenium.webdriver.remote.webelement.WebElement (session="fdccb579756e992144f14a535ed885c2", element="f.5A2993A012CC3DDC30D3BEAF38B883F1.d.A30D6DC5989A9B591196B171AA05116B.e.11")>]
11/23/2025 - 11:30:19 - [INFO] - Found 1 attachments
11/23/2025 - 11:30:19 - [INFO] - Downloading attachment 1/1 from https://downloads.regulations.gov/NTIA-2023-0005-0092/attachment_1.pdf
11/23/2025 - 11:30:19 - [INFO] - Updated metadata.json for NTIA-2023-0005-0092
11/23/2025 - 11:30:19 - [INFO] - PDF file saved as NTIA__CommentonFRDoc202307776__20230615__NTIA-2023-0005-0092.pdf
11/23/2025 - 11:30:19 - [ERROR] - Error parsing comment: name 'random' is not defined
11/23/2025 - 11:30:19 - [INFO] - Scraping page 14...
11/23/2025 - 11:30:22 - [INFO] - Opened URL https://www.regulations.gov/comment/NTIA-2023-0005-0424
11/23/2025 - 11:30:22 - [INFO] - Found attachments: []
11/23/2025 - 11:30:23 - [INFO] - Relevant abstract detected — saving as attachment 1/1
11/23/2025 - 11:30:23 - [INFO] - DOCX file saved as NTIA__CommentonFRDoc202307776__20230615__NTIA-2023-0005-0424.docx
11/23/2025 - 11:30:28 - [INFO] - Updated metadata.json for NTIA-2023-0005-0424
11/23/2025 - 11:30:28 - [INFO] - PDF file saved as NTIA__CommentonFRDoc202307776__20230615__NTIA-2023-0005-0424.pdf
11/23/2025 - 11:30:28 - [INFO] - Found 0 attachments
11/23/2025 - 11:30:28 - [ERROR] - Error parsing comment: name 'random' is not defined
11/23/2025 - 11:30:28 - [INFO] - Scraping page 15...
11/23/2025 - 11:30:31 - [INFO] - Opened URL https://www.regulations.gov/comment/NTIA-2023-0005-0739
11/23/2025 - 11:30:31 - [INFO] - Found attachments: []
11/23/2025 - 11:30:32 - [INFO] - Relevant abstract detected — saving as attachment 1/1
11/23/2025 - 11:30:32 - [INFO] - DOCX file saved as NTIA__CommentonFRDoc202307776__20230615__NTIA-2023-0005-0739.docx
11/23/2025 - 11:30:36 - [INFO] - Updated metadata.json for NTIA-2023-0005-0739
11/23/2025 - 11:30:36 - [INFO] - PDF file saved as NTIA__CommentonFRDoc202307776__20230615__NTIA-2023-0005-0739.pdf
11/23/2025 - 11:30:36 - [INFO] - Found 0 attachments
11/23/2025 - 11:30:36 - [ERROR] - Error parsing comment: name 'random' is not defined
11/23/2025 - 11:30:36 - [INFO] - Scraping page 16...
11/23/2025 - 11:30:39 - [INFO] - Opened URL https://www.regulations.gov/comment/NTIA-2023-0005-0954
11/23/2025 - 11:30:39 - [INFO] - Found attachments: []
11/23/2025 - 11:30:40 - [INFO] - Relevant abstract detected — saving as attachment 1/1
11/23/2025 - 11:30:40 - [INFO] - DOCX file saved as NTIA__CommentonFRDoc202307776__20230615__NTIA-2023-0005-0954.docx
11/23/2025 - 11:30:45 - [INFO] - Updated metadata.json for NTIA-2023-0005-0954
11/23/2025 - 11:30:45 - [INFO] - PDF file saved as NTIA__CommentonFRDoc202307776__20230615__NTIA-2023-0005-0954.pdf
11/23/2025 - 11:30:45 - [INFO] - Found 0 attachments
11/23/2025 - 11:30:45 - [ERROR] - Error parsing comment: name 'random' is not defined
11/23/2025 - 11:30:45 - [INFO] - Scraping page 17...
11/23/2025 - 11:30:47 - [INFO] - Opened URL https://www.regulations.gov/comment/NTIA-2023-0005-0732
11/23/2025 - 11:30:47 - [INFO] - Found attachments: []
11/23/2025 - 11:30:48 - [INFO] - Relevant abstract detected — saving as attachment 1/1
11/23/2025 - 11:30:48 - [INFO] - DOCX file saved as NTIA__CommentonFRDoc202307776__20230615__NTIA-2023-0005-0732.docx
11/23/2025 - 11:30:53 - [INFO] - Updated metadata.json for NTIA-2023-0005-0732
11/23/2025 - 11:30:53 - [INFO] - PDF file saved as NTIA__CommentonFRDoc202307776__20230615__NTIA-2023-0005-0732.pdf
11/23/2025 - 11:30:53 - [INFO] - Found 0 attachments
11/23/2025 - 11:30:53 - [ERROR] - Error parsing comment: name 'random' is not defined
11/23/2025 - 11:30:53 - [INFO] - Scraping page 18...
11/23/2025 - 11:30:56 - [INFO] - Opened URL https://www.regulations.gov/comment/NTIA-2023-0005-0993
11/23/2025 - 11:30:56 - [INFO] - Found attachments: []
11/23/2025 - 11:30:57 - [INFO] - Relevant abstract detected — saving as attachment 1/1
11/23/2025 - 11:30:57 - [INFO] - DOCX file saved as NTIA__CommentonFRDoc202307776__20230615__NTIA-2023-0005-0993.docx
11/23/2025 - 11:31:01 - [INFO] - Updated metadata.json for NTIA-2023-0005-0993
11/23/2025 - 11:31:01 - [INFO] - PDF file saved as NTIA__CommentonFRDoc202307776__20230615__NTIA-2023-0005-0993.pdf
11/23/2025 - 11:31:01 - [INFO] - Found 0 attachments
11/23/2025 - 11:31:01 - [ERROR] - Error parsing comment: name 'random' is not defined
11/23/2025 - 11:31:01 - [INFO] - Scraping page 19...
11/23/2025 - 11:31:05 - [INFO] - Opened URL https://www.regulations.gov/comment/NTIA-2023-0005-0650
11/23/2025 - 11:31:05 - [INFO] - Found attachments: []
11/23/2025 - 11:31:06 - [INFO] - Relevant abstract detected — saving as attachment 1/1
11/23/2025 - 11:31:06 - [INFO] - DOCX file saved as NTIA__CommentonFRDoc202307776__20230615__NTIA-2023-0005-0650.docx
11/23/2025 - 11:31:08 - [INFO] - Updated metadata.json for NTIA-2023-0005-0650
11/23/2025 - 11:31:08 - [INFO] - PDF file saved as NTIA__CommentonFRDoc202307776__20230615__NTIA-2023-0005-0650.pdf
11/23/2025 - 11:31:08 - [INFO] - Found 0 attachments
11/23/2025 - 11:31:08 - [ERROR] - Error parsing comment: name 'random' is not defined
11/23/2025 - 11:31:08 - [INFO] - Scraping page 20...
11/23/2025 - 11:31:11 - [INFO] - Opened URL https://www.regulations.gov/comment/NTIA-2023-0005-1019
11/23/2025 - 11:31:11 - [INFO] - Found attachments: []
11/23/2025 - 11:31:11 - [INFO] - Found 0 attachments
11/23/2025 - 11:31:11 - [WARNING] - No PDF attachments found.
11/23/2025 - 11:31:11 - [ERROR] - Error parsing comment: name 'random' is not defined
11/23/2025 - 11:31:11 - [INFO] - Scraping page 21...
11/23/2025 - 11:31:14 - [INFO] - Opened URL https://www.regulations.gov/comment/NTIA-2023-0005-0767
11/23/2025 - 11:31:14 - [INFO] - Found attachments: []
11/23/2025 - 11:31:15 - [INFO] - Relevant abstract detected — saving as attachment 1/1
11/23/2025 - 11:31:15 - [INFO] - DOCX file saved as NTIA__CommentonFRDoc202307776__20230615__NTIA-2023-0005-0767.docx
11/23/2025 - 11:31:19 - [INFO] - Updated metadata.json for NTIA-2023-0005-0767
11/23/2025 - 11:31:19 - [INFO] - PDF file saved as NTIA__CommentonFRDoc202307776__20230615__NTIA-2023-0005-0767.pdf
11/23/2025 - 11:31:19 - [INFO] - Found 0 attachments
11/23/2025 - 11:31:19 - [ERROR] - Error parsing comment: name 'random' is not defined
11/23/2025 - 11:31:19 - [INFO] - Scraping page 22...
11/23/2025 - 11:31:22 - [INFO] - Opened URL https://www.regulations.gov/comment/NTIA-2023-0005-0054
11/23/2025 - 11:31:22 - [INFO] - Found attachments: []
11/23/2025 - 11:31:23 - [INFO] - Relevant abstract detected — saving as attachment 1/1
11/23/2025 - 11:31:23 - [INFO] - DOCX file saved as NTIA__CommentonFRDoc202307776__20230615__NTIA-2023-0005-0054.docx
11/23/2025 - 11:31:28 - [INFO] - Updated metadata.json for NTIA-2023-0005-0054
11/23/2025 - 11:31:28 - [INFO] - PDF file saved as NTIA__CommentonFRDoc202307776__20230615__NTIA-2023-0005-0054.pdf
11/23/2025 - 11:31:28 - [INFO] - Found 0 attachments
11/23/2025 - 11:31:28 - [ERROR] - Error parsing comment: name 'random' is not defined
11/23/2025 - 11:31:28 - [INFO] - Scraping page 23...
11/23/2025 - 11:31:31 - [INFO] - Opened URL https://www.regulations.gov/comment/NTIA-2023-0005-1169
11/23/2025 - 11:31:31 - [INFO] - Found attachments: []
11/23/2025 - 11:31:32 - [INFO] - Relevant abstract detected — saving as attachment 1/1
11/23/2025 - 11:31:32 - [INFO] - DOCX file saved as NTIA__CommentonFRDoc202307776__20230615__NTIA-2023-0005-1169.docx
11/23/2025 - 11:31:37 - [INFO] - Updated metadata.json for NTIA-2023-0005-1169
11/23/2025 - 11:31:37 - [INFO] - PDF file saved as NTIA__CommentonFRDoc202307776__20230615__NTIA-2023-0005-1169.pdf
11/23/2025 - 11:31:37 - [INFO] - Found 0 attachments
11/23/2025 - 11:31:37 - [ERROR] - Error parsing comment: name 'random' is not defined
11/23/2025 - 11:31:37 - [INFO] - Scraping page 24...
11/23/2025 - 11:31:40 - [INFO] - Opened URL https://www.regulations.gov/comment/NTIA-2023-0005-1288
11/23/2025 - 11:31:40 - [INFO] - Found attachments: []
11/23/2025 - 11:31:41 - [INFO] - Relevant abstract detected — saving as attachment 1/1
11/23/2025 - 11:31:41 - [INFO] - DOCX file saved as NTIA__CommentonFRDoc202307776__20230615__NTIA-2023-0005-1288.docx
11/23/2025 - 11:31:45 - [INFO] - Updated metadata.json for NTIA-2023-0005-1288
11/23/2025 - 11:31:45 - [INFO] - PDF file saved as NTIA__CommentonFRDoc202307776__20230615__NTIA-2023-0005-1288.pdf
11/23/2025 - 11:31:45 - [INFO] - Found 0 attachments
11/23/2025 - 11:31:45 - [ERROR] - Error parsing comment: name 'random' is not defined
11/23/2025 - 11:31:45 - [INFO] - Scraping page 25...
11/23/2025 - 11:31:49 - [INFO] - Opened URL https://www.regulations.gov/comment/NTIA-2023-0005-1162
11/23/2025 - 11:31:49 - [INFO] - Found attachments: []
11/23/2025 - 11:31:49 - [INFO] - Relevant abstract detected — saving as attachment 1/1
11/23/2025 - 11:31:49 - [INFO] - DOCX file saved as NTIA__CommentonFRDoc202307776__20230615__NTIA-2023-0005-1162.docx
11/23/2025 - 11:31:52 - [INFO] - Updated metadata.json for NTIA-2023-0005-1162
11/23/2025 - 11:31:52 - [INFO] - PDF file saved as NTIA__CommentonFRDoc202307776__20230615__NTIA-2023-0005-1162.pdf
11/23/2025 - 11:31:52 - [INFO] - Found 0 attachments
11/23/2025 - 11:31:52 - [ERROR] - Error parsing comment: name 'random' is not defined
11/23/2025 - 11:31:52 - [INFO] - Scraping page 26...
11/23/2025 - 11:31:55 - [INFO] - Opened URL https://www.regulations.gov/comment/NTIA-2023-0005-1129
11/23/2025 - 11:31:55 - [INFO] - Found attachments: [<selenium.webdriver.remote.webelement.WebElement (session="fdccb579756e992144f14a535ed885c2", element="f.B6B68505AEE345D7F29153C50C254B4D.d.7D767CF68DFB9F447BA6FD19F9B0DDCF.e.8")>]
11/23/2025 - 11:31:55 - [INFO] - Found 1 attachments
11/23/2025 - 11:31:55 - [INFO] - Downloading attachment 1/1 from https://downloads.regulations.gov/NTIA-2023-0005-1129/attachment_1.pdf
11/23/2025 - 11:31:56 - [INFO] - Updated metadata.json for NTIA-2023-0005-1129
11/23/2025 - 11:31:56 - [INFO] - PDF file saved as NTIA__CommentonFRDoc202307776__20230615__NTIA-2023-0005-1129.pdf
11/23/2025 - 11:31:56 - [ERROR] - Error parsing comment: name 'random' is not defined
11/23/2025 - 11:31:56 - [INFO] - Scraping page 27...
11/23/2025 - 11:31:59 - [INFO] - Opened URL https://www.regulations.gov/comment/NTIA-2023-0005-1277
11/23/2025 - 11:31:59 - [INFO] - Found attachments: [<selenium.webdriver.remote.webelement.WebElement (session="fdccb579756e992144f14a535ed885c2", element="f.A867B59D3E5BFC2A71E548665BE8E8B7.d.2A99F1112170C65C933277996D3C7D2F.e.10")>]
11/23/2025 - 11:31:59 - [INFO] - Found 1 attachments
11/23/2025 - 11:31:59 - [INFO] - Downloading attachment 1/1 from https://downloads.regulations.gov/NTIA-2023-0005-1277/attachment_1.pdf
11/23/2025 - 11:32:00 - [INFO] - Updated metadata.json for NTIA-2023-0005-1277
11/23/2025 - 11:32:00 - [INFO] - PDF file saved as NTIA__CommentonFRDoc202307776__20230615__NTIA-2023-0005-1277.pdf
11/23/2025 - 11:32:00 - [ERROR] - Error parsing comment: name 'random' is not defined
11/23/2025 - 11:32:00 - [INFO] - Scraping page 28...
11/23/2025 - 11:32:03 - [INFO] - Opened URL https://www.regulations.gov/comment/NTIA-2023-0005-0478
11/23/2025 - 11:32:03 - [INFO] - Found attachments: []
11/23/2025 - 11:32:04 - [INFO] - Relevant abstract detected — saving as attachment 1/1
11/23/2025 - 11:32:04 - [INFO] - DOCX file saved as NTIA__CommentonFRDoc202307776__20230615__NTIA-2023-0005-0478.docx
11/23/2025 - 11:32:08 - [INFO] - Updated metadata.json for NTIA-2023-0005-0478
11/23/2025 - 11:32:08 - [INFO] - PDF file saved as NTIA__CommentonFRDoc202307776__20230615__NTIA-2023-0005-0478.pdf
11/23/2025 - 11:32:08 - [INFO] - Found 0 attachments
11/23/2025 - 11:32:08 - [ERROR] - Error parsing comment: name 'random' is not defined
11/23/2025 - 11:32:08 - [INFO] - Scraping page 29...
11/23/2025 - 11:32:11 - [INFO] - Opened URL https://www.regulations.gov/comment/NTIA-2023-0005-0537
11/23/2025 - 11:32:11 - [INFO] - Found attachments: []
11/23/2025 - 11:32:12 - [INFO] - Relevant abstract detected — saving as attachment 1/1
11/23/2025 - 11:32:12 - [INFO] - DOCX file saved as NTIA__CommentonFRDoc202307776__20230615__NTIA-2023-0005-0537.docx
11/23/2025 - 11:32:17 - [INFO] - Updated metadata.json for NTIA-2023-0005-0537
11/23/2025 - 11:32:17 - [INFO] - PDF file saved as NTIA__CommentonFRDoc202307776__20230615__NTIA-2023-0005-0537.pdf
11/23/2025 - 11:32:17 - [INFO] - Found 0 attachments
11/23/2025 - 11:32:17 - [ERROR] - Error parsing comment: name 'random' is not defined
11/23/2025 - 11:32:17 - [INFO] - Scraping page 30...
11/23/2025 - 11:32:19 - [INFO] - Opened URL https://www.regulations.gov/comment/NTIA-2023-0005-0192
11/23/2025 - 11:32:19 - [INFO] - Found attachments: []
11/23/2025 - 11:32:20 - [INFO] - Relevant abstract detected — saving as attachment 1/1
11/23/2025 - 11:32:20 - [INFO] - DOCX file saved as NTIA__CommentonFRDoc202307776__20230615__NTIA-2023-0005-0192.docx
11/23/2025 - 11:32:25 - [INFO] - Updated metadata.json for NTIA-2023-0005-0192
11/23/2025 - 11:32:25 - [INFO] - PDF file saved as NTIA__CommentonFRDoc202307776__20230615__NTIA-2023-0005-0192.pdf
11/23/2025 - 11:32:25 - [INFO] - Found 0 attachments
11/23/2025 - 11:32:25 - [ERROR] - Error parsing comment: name 'random' is not defined
11/23/2025 - 11:32:25 - [INFO] - Scraping page 31...
11/23/2025 - 11:32:29 - [INFO] - Opened URL https://www.regulations.gov/comment/NTIA-2023-0005-0207
11/23/2025 - 11:32:29 - [INFO] - Found attachments: []
11/23/2025 - 11:32:29 - [INFO] - Relevant abstract detected — saving as attachment 1/1
11/23/2025 - 11:32:29 - [INFO] - DOCX file saved as NTIA__CommentonFRDoc202307776__20230615__NTIA-2023-0005-0207.docx
11/23/2025 - 11:32:34 - [INFO] - Updated metadata.json for NTIA-2023-0005-0207
11/23/2025 - 11:32:34 - [INFO] - PDF file saved as NTIA__CommentonFRDoc202307776__20230615__NTIA-2023-0005-0207.pdf
11/23/2025 - 11:32:34 - [INFO] - Found 0 attachments
11/23/2025 - 11:32:34 - [ERROR] - Error parsing comment: name 'random' is not defined
11/23/2025 - 11:32:34 - [INFO] - Scraping page 32...
11/23/2025 - 11:32:37 - [INFO] - Opened URL https://www.regulations.gov/comment/NTIA-2023-0005-0077
11/23/2025 - 11:32:37 - [INFO] - Found attachments: [<selenium.webdriver.remote.webelement.WebElement (session="fdccb579756e992144f14a535ed885c2", element="f.BDDAFF242EA88F5F2342FF87CE45A9B7.d.321720B3C7B150EAAC6683E9AE7B328E.e.8")>]
11/23/2025 - 11:32:38 - [INFO] - Relevant abstract detected — saving as attachment 1/2
11/23/2025 - 11:32:38 - [INFO] - DOCX file saved as NTIA__CommentonFRDoc202307776__20230615__NTIA-2023-0005-0077_attachment1.docx
11/23/2025 - 11:32:42 - [INFO] - Updated metadata.json for NTIA-2023-0005-0077
11/23/2025 - 11:32:42 - [INFO] - PDF file saved as NTIA__CommentonFRDoc202307776__20230615__NTIA-2023-0005-0077_attachment1.pdf
11/23/2025 - 11:32:42 - [INFO] - Found 1 attachments
11/23/2025 - 11:32:42 - [INFO] - Downloading attachment 2/2 from https://downloads.regulations.gov/NTIA-2023-0005-0077/attachment_1.pdf
11/23/2025 - 11:32:42 - [INFO] - Updated metadata.json for NTIA-2023-0005-0077
11/23/2025 - 11:32:42 - [INFO] - PDF file saved as NTIA__CommentonFRDoc202307776__20230615__NTIA-2023-0005-0077_attachment2.pdf
11/23/2025 - 11:32:42 - [ERROR] - Error parsing comment: name 'random' is not defined
11/23/2025 - 11:32:43 - [INFO] - Scraping page 33...
11/23/2025 - 11:32:46 - [INFO] - Opened URL https://www.regulations.gov/comment/NTIA-2023-0005-0973
11/23/2025 - 11:32:46 - [INFO] - Found attachments: [<selenium.webdriver.remote.webelement.WebElement (session="fdccb579756e992144f14a535ed885c2", element="f.8D9A76A2615D69C6A65C7D4967B56927.d.C14B55EF56287C903B5E3B7E94B4940A.e.11")>]
11/23/2025 - 11:32:47 - [INFO] - Found 1 attachments
11/23/2025 - 11:32:47 - [INFO] - Downloading attachment 1/1 from https://downloads.regulations.gov/NTIA-2023-0005-0973/attachment_1.pdf
11/23/2025 - 11:32:47 - [INFO] - Updated metadata.json for NTIA-2023-0005-0973
11/23/2025 - 11:32:47 - [INFO] - PDF file saved as NTIA__CommentonFRDoc202307776__20230615__NTIA-2023-0005-0973.pdf
11/23/2025 - 11:32:47 - [ERROR] - Error parsing comment: name 'random' is not defined
11/23/2025 - 11:32:47 - [INFO] - Scraping page 34...
11/23/2025 - 11:32:50 - [INFO] - Opened URL https://www.regulations.gov/comment/NTIA-2023-0005-0934
11/23/2025 - 11:32:50 - [INFO] - Found attachments: []
11/23/2025 - 11:32:51 - [INFO] - Relevant abstract detected — saving as attachment 1/1
11/23/2025 - 11:32:51 - [INFO] - DOCX file saved as NTIA__CommentonFRDoc202307776__20230615__NTIA-2023-0005-0934.docx
11/23/2025 - 11:32:56 - [INFO] - Updated metadata.json for NTIA-2023-0005-0934
11/23/2025 - 11:32:56 - [INFO] - PDF file saved as NTIA__CommentonFRDoc202307776__20230615__NTIA-2023-0005-0934.pdf
11/23/2025 - 11:32:56 - [INFO] - Found 0 attachments
11/23/2025 - 11:32:56 - [ERROR] - Error parsing comment: name 'random' is not defined
11/23/2025 - 11:32:56 - [INFO] - Scraping page 35...
11/23/2025 - 11:32:59 - [INFO] - Opened URL https://www.regulations.gov/comment/NTIA-2023-0005-0395
11/23/2025 - 11:32:59 - [INFO] - Found attachments: []
11/23/2025 - 11:33:00 - [INFO] - Relevant abstract detected — saving as attachment 1/1
11/23/2025 - 11:33:00 - [INFO] - DOCX file saved as NTIA__CommentonFRDoc202307776__20230615__NTIA-2023-0005-0395.docx
11/23/2025 - 11:33:05 - [INFO] - Updated metadata.json for NTIA-2023-0005-0395
11/23/2025 - 11:33:05 - [INFO] - PDF file saved as NTIA__CommentonFRDoc202307776__20230615__NTIA-2023-0005-0395.pdf
11/23/2025 - 11:33:05 - [INFO] - Found 0 attachments
11/23/2025 - 11:33:05 - [ERROR] - Error parsing comment: name 'random' is not defined
11/23/2025 - 11:33:05 - [INFO] - Scraping page 36...
11/23/2025 - 11:33:09 - [INFO] - Opened URL https://www.regulations.gov/comment/NTIA-2023-0005-0600
11/23/2025 - 11:33:09 - [INFO] - Found attachments: []
11/23/2025 - 11:33:10 - [INFO] - Relevant abstract detected — saving as attachment 1/1
11/23/2025 - 11:33:10 - [INFO] - DOCX file saved as NTIA__CommentonFRDoc202307776__20230615__NTIA-2023-0005-0600.docx
11/23/2025 - 11:33:14 - [INFO] - Updated metadata.json for NTIA-2023-0005-0600
11/23/2025 - 11:33:14 - [INFO] - PDF file saved as NTIA__CommentonFRDoc202307776__20230615__NTIA-2023-0005-0600.pdf
11/23/2025 - 11:33:14 - [INFO] - Found 0 attachments
11/23/2025 - 11:33:14 - [ERROR] - Error parsing comment: name 'random' is not defined
11/23/2025 - 11:33:14 - [INFO] - Scraping page 37...
11/23/2025 - 11:33:18 - [INFO] - Opened URL https://www.regulations.gov/comment/NTIA-2023-0005-0866
11/23/2025 - 11:33:18 - [INFO] - Found attachments: []
11/23/2025 - 11:33:19 - [INFO] - Relevant abstract detected — saving as attachment 1/1
11/23/2025 - 11:33:19 - [INFO] - DOCX file saved as NTIA__CommentonFRDoc202307776__20230615__NTIA-2023-0005-0866.docx
11/23/2025 - 11:33:24 - [INFO] - Updated metadata.json for NTIA-2023-0005-0866
11/23/2025 - 11:33:24 - [INFO] - PDF file saved as NTIA__CommentonFRDoc202307776__20230615__NTIA-2023-0005-0866.pdf
11/23/2025 - 11:33:24 - [INFO] - Found 0 attachments
11/23/2025 - 11:33:24 - [ERROR] - Error parsing comment: name 'random' is not defined
11/23/2025 - 11:33:24 - [INFO] - Scraping page 38...
11/23/2025 - 11:33:27 - [INFO] - Opened URL https://www.regulations.gov/comment/NTIA-2023-0005-0273
11/23/2025 - 11:33:28 - [INFO] - Found attachments: []
11/23/2025 - 11:33:29 - [INFO] - Relevant abstract detected — saving as attachment 1/1
11/23/2025 - 11:33:29 - [INFO] - DOCX file saved as NTIA__CommentonFRDoc202307776__20230615__NTIA-2023-0005-0273.docx
11/23/2025 - 11:33:33 - [INFO] - Updated metadata.json for NTIA-2023-0005-0273
11/23/2025 - 11:33:33 - [INFO] - PDF file saved as NTIA__CommentonFRDoc202307776__20230615__NTIA-2023-0005-0273.pdf
11/23/2025 - 11:33:33 - [INFO] - Found 0 attachments
11/23/2025 - 11:33:33 - [ERROR] - Error parsing comment: name 'random' is not defined
11/23/2025 - 11:33:33 - [INFO] - Scraping page 39...
11/23/2025 - 11:33:37 - [INFO] - Opened URL https://www.regulations.gov/comment/NTIA-2023-0005-0200
11/23/2025 - 11:33:37 - [INFO] - Found attachments: []
11/23/2025 - 11:33:39 - [INFO] - Relevant abstract detected — saving as attachment 1/1
11/23/2025 - 11:33:39 - [INFO] - DOCX file saved as NTIA__CommentonFRDoc202307776__20230615__NTIA-2023-0005-0200.docx
11/23/2025 - 11:33:43 - [INFO] - Updated metadata.json for NTIA-2023-0005-0200
11/23/2025 - 11:33:43 - [INFO] - PDF file saved as NTIA__CommentonFRDoc202307776__20230615__NTIA-2023-0005-0200.pdf
11/23/2025 - 11:33:43 - [INFO] - Found 0 attachments
11/23/2025 - 11:33:43 - [ERROR] - Error parsing comment: name 'random' is not defined
11/23/2025 - 11:33:43 - [INFO] - Scraping page 40...
11/23/2025 - 11:33:47 - [INFO] - Opened URL https://www.regulations.gov/comment/NTIA-2023-0005-1056
11/23/2025 - 11:33:47 - [INFO] - Found attachments: []
11/23/2025 - 11:33:49 - [INFO] - Relevant abstract detected — saving as attachment 1/1
11/23/2025 - 11:33:49 - [INFO] - DOCX file saved as NTIA__CommentonFRDoc202307776__20230615__NTIA-2023-0005-1056.docx
11/23/2025 - 11:33:54 - [INFO] - Updated metadata.json for NTIA-2023-0005-1056
11/23/2025 - 11:33:54 - [INFO] - PDF file saved as NTIA__CommentonFRDoc202307776__20230615__NTIA-2023-0005-1056.pdf
11/23/2025 - 11:33:54 - [INFO] - Found 0 attachments
11/23/2025 - 11:33:54 - [ERROR] - Error parsing comment: name 'random' is not defined
11/23/2025 - 11:33:54 - [INFO] - Scraping page 41...
11/23/2025 - 11:34:02 - [INFO] - No container found. Retrying...
11/23/2025 - 11:34:10 - [INFO] - No container found. Retrying...
11/23/2025 - 11:34:19 - [INFO] - No container found. Retrying...
11/23/2025 - 11:34:27 - [INFO] - No container found. Retrying...
11/23/2025 - 11:34:35 - [INFO] - No container found. Retrying...
11/23/2025 - 11:34:44 - [INFO] - No container found. Retrying...
11/23/2025 - 11:34:52 - [INFO] - No container found. Retrying...
11/23/2025 - 11:35:00 - [INFO] - No container found. Retrying...
11/23/2025 - 11:35:08 - [INFO] - No container found. Retrying...
11/23/2025 - 11:35:17 - [INFO] - No container found. Retrying...
11/23/2025 - 11:35:25 - [INFO] - No container found. Retrying...
11/23/2025 - 11:35:33 - [INFO] - No container found. Retrying...
11/23/2025 - 11:35:42 - [INFO] - No container found. Retrying...
11/23/2025 - 11:35:50 - [INFO] - No container found. Retrying...
11/23/2025 - 11:35:58 - [INFO] - No container found. Retrying...
11/23/2025 - 11:36:06 - [INFO] - No container found. Retrying...
11/23/2025 - 11:36:15 - [INFO] - No container found. Retrying...
11/23/2025 - 11:36:23 - [INFO] - No container found. Retrying...
11/23/2025 - 11:36:31 - [INFO] - No container found. Retrying...
11/23/2025 - 11:36:40 - [INFO] - No container found. Retrying...
11/23/2025 - 11:36:48 - [INFO] - No container found. Retrying...
11/23/2025 - 11:36:56 - [INFO] - No container found. Retrying...
11/23/2025 - 11:37:05 - [INFO] - No container found. Retrying...
11/23/2025 - 11:37:13 - [INFO] - No container found. Retrying...
11/23/2025 - 11:37:21 - [INFO] - No container found. Retrying...
11/23/2025 - 11:37:29 - [INFO] - No container found. Retrying...
11/23/2025 - 11:37:38 - [INFO] - No container found. Retrying...
11/23/2025 - 11:37:46 - [INFO] - No container found. Retrying...
11/23/2025 - 11:37:55 - [INFO] - No container found. Retrying...
11/23/2025 - 11:38:03 - [INFO] - No container found. Retrying...
11/23/2025 - 11:38:11 - [INFO] - No container found. Retrying...
11/23/2025 - 11:38:20 - [INFO] - No container found. Retrying...
11/23/2025 - 11:38:28 - [INFO] - No container found. Retrying...
11/23/2025 - 11:38:36 - [INFO] - No container found. Retrying...
11/23/2025 - 11:38:45 - [INFO] - No container found. Retrying...
11/23/2025 - 11:38:53 - [INFO] - No container found. Retrying...
11/23/2025 - 11:39:01 - [INFO] - No container found. Retrying...
11/23/2025 - 11:39:09 - [INFO] - No container found. Retrying...
11/23/2025 - 11:39:18 - [INFO] - No container found. Retrying...
11/23/2025 - 11:39:26 - [INFO] - No container found. Retrying...
11/23/2025 - 11:39:34 - [INFO] - No container found. Retrying...
11/23/2025 - 11:39:43 - [INFO] - No container found. Retrying...
11/23/2025 - 11:39:51 - [INFO] - No container found. Retrying...
11/23/2025 - 11:39:59 - [INFO] - No container found. Retrying...
11/23/2025 - 11:40:08 - [INFO] - No container found. Retrying...
11/23/2025 - 11:40:16 - [INFO] - No container found. Retrying...
11/23/2025 - 11:40:24 - [INFO] - No container found. Retrying...
11/23/2025 - 11:40:32 - [INFO] - No container found. Retrying...
11/23/2025 - 11:40:41 - [INFO] - No container found. Retrying...
11/23/2025 - 11:40:49 - [INFO] - No container found. Retrying...
11/23/2025 - 11:40:57 - [INFO] - No container found. Retrying...
11/23/2025 - 11:41:06 - [INFO] - No container found. Retrying...
11/23/2025 - 11:41:14 - [INFO] - No container found. Retrying...
11/23/2025 - 11:41:22 - [INFO] - No container found. Retrying...
11/23/2025 - 11:41:31 - [INFO] - No container found. Retrying...
11/23/2025 - 11:41:39 - [INFO] - No container found. Retrying...
11/23/2025 - 11:41:47 - [INFO] - No container found. Retrying...
11/23/2025 - 11:41:55 - [INFO] - No container found. Retrying...
11/23/2025 - 11:42:04 - [INFO] - No container found. Retrying...
11/23/2025 - 11:42:12 - [INFO] - No container found. Retrying...
11/23/2025 - 11:42:20 - [INFO] - No container found. Retrying...
11/23/2025 - 11:42:29 - [INFO] - No container found. Retrying...
11/23/2025 - 11:42:37 - [INFO] - No container found. Retrying...
11/23/2025 - 11:42:45 - [INFO] - No container found. Retrying...
11/23/2025 - 11:42:53 - [INFO] - No container found. Retrying...
11/23/2025 - 11:43:02 - [INFO] - No container found. Retrying...
11/23/2025 - 11:43:10 - [INFO] - No container found. Retrying...
11/23/2025 - 11:43:18 - [INFO] - No container found. Retrying...
11/23/2025 - 11:43:27 - [INFO] - No container found. Retrying...
11/23/2025 - 11:43:35 - [INFO] - No container found. Retrying...
11/23/2025 - 11:43:43 - [INFO] - No container found. Retrying...
11/23/2025 - 11:43:52 - [INFO] - No container found. Retrying...
11/23/2025 - 11:44:00 - [INFO] - No container found. Retrying...
11/23/2025 - 11:44:08 - [INFO] - No container found. Retrying...
11/23/2025 - 11:44:17 - [INFO] - No container found. Retrying...
11/23/2025 - 11:44:25 - [INFO] - No container found. Retrying...
11/23/2025 - 11:44:33 - [INFO] - No container found. Retrying...
11/23/2025 - 11:44:41 - [INFO] - No container found. Retrying...
11/23/2025 - 11:44:50 - [INFO] - No container found. Retrying...
11/23/2025 - 11:44:58 - [INFO] - No container found. Retrying...
11/23/2025 - 11:45:06 - [INFO] - No container found. Retrying...
11/23/2025 - 11:45:15 - [INFO] - No container found. Retrying...
11/23/2025 - 11:45:23 - [INFO] - No container found. Retrying...
11/23/2025 - 11:45:31 - [INFO] - No container found. Retrying...
11/23/2025 - 11:45:39 - [INFO] - No container found. Retrying...
11/23/2025 - 11:45:48 - [INFO] - No container found. Retrying...
11/23/2025 - 11:45:56 - [INFO] - No container found. Retrying...
11/23/2025 - 11:46:04 - [INFO] - No container found. Retrying...
11/23/2025 - 11:46:13 - [INFO] - No container found. Retrying...
11/23/2025 - 11:46:21 - [INFO] - No container found. Retrying...
11/23/2025 - 11:46:29 - [INFO] - No container found. Retrying...
11/23/2025 - 11:46:37 - [INFO] - No container found. Retrying...
11/23/2025 - 11:46:46 - [INFO] - No container found. Retrying...
11/23/2025 - 11:46:54 - [INFO] - No container found. Retrying...
11/23/2025 - 11:47:02 - [INFO] - No container found. Retrying...
11/23/2025 - 11:47:11 - [INFO] - No container found. Retrying...
11/23/2025 - 11:47:19 - [INFO] - No container found. Retrying...
11/23/2025 - 11:47:27 - [INFO] - No container found. Retrying...
11/23/2025 - 11:47:36 - [INFO] - No container found. Retrying...
11/23/2025 - 11:47:44 - [INFO] - No container found. Retrying...
11/23/2025 - 11:47:52 - [INFO] - No container found. Retrying...
11/23/2025 - 11:48:01 - [INFO] - No container found. Retrying...
11/23/2025 - 11:48:09 - [INFO] - No container found. Retrying...
11/23/2025 - 11:48:17 - [INFO] - No container found. Retrying...
11/23/2025 - 11:48:25 - [INFO] - No container found. Retrying...
11/23/2025 - 11:48:34 - [INFO] - No container found. Retrying...
11/23/2025 - 11:48:42 - [INFO] - No container found. Retrying...
11/23/2025 - 11:48:50 - [INFO] - No container found. Retrying...
11/23/2025 - 11:48:59 - [INFO] - No container found. Retrying...
11/23/2025 - 11:49:07 - [INFO] - No container found. Retrying...
11/23/2025 - 11:49:15 - [INFO] - No container found. Retrying...
11/23/2025 - 11:49:24 - [INFO] - No container found. Retrying...
11/23/2025 - 11:49:32 - [INFO] - No container found. Retrying...
11/23/2025 - 11:49:40 - [INFO] - No container found. Retrying...
11/23/2025 - 11:49:48 - [INFO] - No container found. Retrying...
11/23/2025 - 11:49:57 - [INFO] - No container found. Retrying...
11/23/2025 - 11:50:05 - [INFO] - No container found. Retrying...
11/23/2025 - 11:50:13 - [INFO] - No container found. Retrying...
11/23/2025 - 11:50:22 - [INFO] - No container found. Retrying...
11/23/2025 - 11:50:30 - [INFO] - No container found. Retrying...
11/23/2025 - 11:50:38 - [INFO] - No container found. Retrying...
11/23/2025 - 11:50:47 - [INFO] - No container found. Retrying...
11/23/2025 - 11:50:55 - [INFO] - No container found. Retrying...
11/23/2025 - 11:51:03 - [INFO] - No container found. Retrying...
11/23/2025 - 11:51:11 - [INFO] - No container found. Retrying...
11/23/2025 - 11:51:20 - [INFO] - No container found. Retrying...
11/23/2025 - 11:51:28 - [INFO] - No container found. Retrying...
11/23/2025 - 11:51:36 - [INFO] - No container found. Retrying...
11/23/2025 - 11:51:45 - [INFO] - No container found. Retrying...
11/23/2025 - 11:51:53 - [INFO] - No container found. Retrying...
11/23/2025 - 11:52:01 - [INFO] - No container found. Retrying...
11/23/2025 - 11:52:09 - [INFO] - No container found. Retrying...
11/23/2025 - 11:52:18 - [INFO] - No container found. Retrying...
11/23/2025 - 11:52:26 - [INFO] - No container found. Retrying...
11/23/2025 - 11:52:34 - [INFO] - No container found. Retrying...
11/23/2025 - 11:52:43 - [INFO] - No container found. Retrying...
11/23/2025 - 11:52:51 - [INFO] - No container found. Retrying...
