11/08/2025 - 17:29:21 - [INFO] - Logger initialized.
11/08/2025 - 17:29:21 - [INFO] - Setup folders for ./comments/2023-07776/
11/08/2025 - 17:29:23 - [INFO] - Scraping page 1...
11/08/2025 - 17:29:27 - [INFO] - Opened URL https://www.regulations.gov/comment/NTIA-2023-0005-1453
11/08/2025 - 17:29:28 - [INFO] - Found attachments: [<selenium.webdriver.remote.webelement.WebElement (session="7e2266d1e9254bd916bc7890e039b8b9", element="f.1FFBA9ED5E6E2DB0C02577ECBDCAFB60.d.145A85FFD812277A22D6A80FCCF4A6C6.e.12")>]
11/08/2025 - 17:29:28 - [INFO] - Found 1 attachments
11/08/2025 - 17:29:28 - [INFO] - Downloading attachment 1/1 from https://downloads.regulations.gov/NTIA-2023-0005-1453/attachment_1.pdf
11/08/2025 - 17:29:29 - [INFO] - Updated metadata.json for NTIA-2023-0005-1453
11/08/2025 - 17:29:29 - [INFO] - PDF file saved as NTIA__Questions__20230627__NTIA-2023-0005-1453.pdf
11/08/2025 - 17:29:29 - [INFO] - Opened URL https://www.regulations.gov/comment/NTIA-2023-0005-1139
11/08/2025 - 17:29:30 - [INFO] - Found attachments: [<selenium.webdriver.remote.webelement.WebElement (session="7e2266d1e9254bd916bc7890e039b8b9", element="f.7B150CF958EFE89C7B5F35BB1049640E.d.59B7E4846575DD450C54A3866ED511F3.e.11")>]
11/08/2025 - 17:29:30 - [INFO] - Found 1 attachments
11/08/2025 - 17:29:30 - [INFO] - Downloading attachment 1/1 from https://downloads.regulations.gov/NTIA-2023-0005-1139/attachment_1.pdf
11/08/2025 - 17:29:30 - [INFO] - Updated metadata.json for NTIA-2023-0005-1139
11/08/2025 - 17:29:30 - [INFO] - PDF file saved as NTIA__CommentonFRDoc202307776__20230615__NTIA-2023-0005-1139.pdf
11/08/2025 - 17:29:31 - [INFO] - Opened URL https://www.regulations.gov/comment/NTIA-2023-0005-1092
11/08/2025 - 17:29:32 - [INFO] - Found attachments: [<selenium.webdriver.remote.webelement.WebElement (session="7e2266d1e9254bd916bc7890e039b8b9", element="f.A057302A2A33CE24B8D7A9C50C1C67EC.d.B90F2EFDDB06104A6CA107D2E23A3E2B.e.11")>]
11/08/2025 - 17:29:33 - [INFO] - Relevant abstract detected — saving as attachment 1/2
11/08/2025 - 17:29:33 - [INFO] - DOCX file saved as NTIA__CommentonFRDoc202307776__20230615__NTIA-2023-0005-1092_attachment1.docx
11/08/2025 - 17:29:38 - [INFO] - Updated metadata.json for NTIA-2023-0005-1092
11/08/2025 - 17:29:38 - [INFO] - PDF file saved as NTIA__CommentonFRDoc202307776__20230615__NTIA-2023-0005-1092_attachment1.pdf
11/08/2025 - 17:29:38 - [INFO] - Found 1 attachments
11/08/2025 - 17:29:38 - [INFO] - Downloading attachment 2/2 from https://downloads.regulations.gov/NTIA-2023-0005-1092/attachment_1.pdf
11/08/2025 - 17:29:38 - [INFO] - Updated metadata.json for NTIA-2023-0005-1092
11/08/2025 - 17:29:38 - [INFO] - PDF file saved as NTIA__CommentonFRDoc202307776__20230615__NTIA-2023-0005-1092_attachment2.pdf
11/08/2025 - 17:29:39 - [INFO] - Opened URL https://www.regulations.gov/comment/NTIA-2023-0005-1121
11/08/2025 - 17:29:40 - [INFO] - Found attachments: [<selenium.webdriver.remote.webelement.WebElement (session="7e2266d1e9254bd916bc7890e039b8b9", element="f.D08AF1F1EC9F5AB5A0486A8923CF9F31.d.724D9C93F960782D280B3C91CD45853B.e.11")>]
11/08/2025 - 17:29:40 - [INFO] - Found 1 attachments
11/08/2025 - 17:29:40 - [INFO] - Downloading attachment 1/1 from https://downloads.regulations.gov/NTIA-2023-0005-1121/attachment_1.pdf
11/08/2025 - 17:29:40 - [INFO] - Updated metadata.json for NTIA-2023-0005-1121
11/08/2025 - 17:29:40 - [INFO] - PDF file saved as NTIA__CommentonFRDoc202307776__20230615__NTIA-2023-0005-1121.pdf
11/08/2025 - 17:29:41 - [INFO] - Opened URL https://www.regulations.gov/comment/NTIA-2023-0005-1208
11/08/2025 - 17:29:42 - [INFO] - Found attachments: [<selenium.webdriver.remote.webelement.WebElement (session="7e2266d1e9254bd916bc7890e039b8b9", element="f.B44082D9E1D3791C6831821E7AE33267.d.14FE7F6BD535C377BD38173D5A684D1A.e.11")>]
11/08/2025 - 17:29:42 - [INFO] - Found 1 attachments
11/08/2025 - 17:29:42 - [INFO] - Downloading attachment 1/1 from https://downloads.regulations.gov/NTIA-2023-0005-1208/attachment_1.pdf
11/08/2025 - 17:29:42 - [INFO] - Updated metadata.json for NTIA-2023-0005-1208
11/08/2025 - 17:29:42 - [INFO] - PDF file saved as NTIA__CommentonFRDoc202307776__20230615__NTIA-2023-0005-1208.pdf
11/08/2025 - 17:29:43 - [INFO] - Opened URL https://www.regulations.gov/comment/NTIA-2023-0005-1280
11/08/2025 - 17:29:44 - [INFO] - Found attachments: [<selenium.webdriver.remote.webelement.WebElement (session="7e2266d1e9254bd916bc7890e039b8b9", element="f.562BCEBA0D302DB788CF3213FA62558B.d.BAB4FE8F2226A204B8904CEB375F5851.e.11")>]
11/08/2025 - 17:29:44 - [INFO] - Found 1 attachments
11/08/2025 - 17:29:44 - [INFO] - Downloading attachment 1/1 from https://downloads.regulations.gov/NTIA-2023-0005-1280/attachment_1.pdf
11/08/2025 - 17:29:44 - [INFO] - Updated metadata.json for NTIA-2023-0005-1280
11/08/2025 - 17:29:44 - [INFO] - PDF file saved as NTIA__CommentonFRDoc202307776__20230615__NTIA-2023-0005-1280.pdf
11/08/2025 - 17:29:45 - [INFO] - Opened URL https://www.regulations.gov/comment/NTIA-2023-0005-1437
11/08/2025 - 17:29:46 - [INFO] - Found attachments: [<selenium.webdriver.remote.webelement.WebElement (session="7e2266d1e9254bd916bc7890e039b8b9", element="f.CBD0D2885083DD854691A361EC66CF61.d.E511840A9C236E2B2E6E525BB5F5084D.e.11")>]
11/08/2025 - 17:29:47 - [INFO] - Found 1 attachments
11/08/2025 - 17:29:47 - [INFO] - Downloading attachment 1/1 from https://downloads.regulations.gov/NTIA-2023-0005-1437/attachment_1.pdf
11/08/2025 - 17:29:48 - [INFO] - Updated metadata.json for NTIA-2023-0005-1437
11/08/2025 - 17:29:48 - [INFO] - PDF file saved as NTIA__CommentonFRDoc202307776__20230615__NTIA-2023-0005-1437.pdf
11/08/2025 - 17:29:49 - [INFO] - Opened URL https://www.regulations.gov/comment/NTIA-2023-0005-1442
11/08/2025 - 17:29:52 - [INFO] - Found attachments: [<selenium.webdriver.remote.webelement.WebElement (session="7e2266d1e9254bd916bc7890e039b8b9", element="f.C677E89A9845758380ED87320673B149.d.57176EA6AFD00124DC057B8C2B252FE7.e.11")>]
11/08/2025 - 17:29:52 - [INFO] - Found 1 attachments
11/08/2025 - 17:29:52 - [INFO] - Downloading attachment 1/1 from https://downloads.regulations.gov/NTIA-2023-0005-1442/attachment_1.pdf
11/08/2025 - 17:29:52 - [INFO] - Updated metadata.json for NTIA-2023-0005-1442
11/08/2025 - 17:29:52 - [INFO] - PDF file saved as NTIA__CommentonFRDoc202307776__20230615__NTIA-2023-0005-1442.pdf
11/08/2025 - 17:29:53 - [INFO] - Opened URL https://www.regulations.gov/comment/NTIA-2023-0005-1309
11/08/2025 - 17:29:54 - [INFO] - Found attachments: [<selenium.webdriver.remote.webelement.WebElement (session="7e2266d1e9254bd916bc7890e039b8b9", element="f.F1D723FFB8B07C5F1677BEAC34E73844.d.F89113E61C475CB5AD57D596766F21D5.e.11")>]
11/08/2025 - 17:29:57 - [INFO] - Found 1 attachments
11/08/2025 - 17:29:57 - [INFO] - Downloading attachment 1/1 from https://downloads.regulations.gov/NTIA-2023-0005-1309/attachment_1.pdf
11/08/2025 - 17:29:57 - [INFO] - Updated metadata.json for NTIA-2023-0005-1309
11/08/2025 - 17:29:57 - [INFO] - PDF file saved as NTIA__CommentonFRDoc202307776__20230615__NTIA-2023-0005-1309.pdf
11/08/2025 - 17:29:58 - [INFO] - Opened URL https://www.regulations.gov/comment/NTIA-2023-0005-1322
11/08/2025 - 17:29:59 - [INFO] - Found attachments: [<selenium.webdriver.remote.webelement.WebElement (session="7e2266d1e9254bd916bc7890e039b8b9", element="f.5C04815FEC59E02B0CEA81177669F5EE.d.3751B92A6659B55A9A54BD98EA48F8E4.e.12")>]
11/08/2025 - 17:29:59 - [INFO] - Found 1 attachments
11/08/2025 - 17:29:59 - [INFO] - Downloading attachment 1/1 from https://downloads.regulations.gov/NTIA-2023-0005-1322/attachment_1.pdf
11/08/2025 - 17:29:59 - [INFO] - Updated metadata.json for NTIA-2023-0005-1322
11/08/2025 - 17:29:59 - [INFO] - PDF file saved as NTIA__CommentonFRDoc202307776__20230615__NTIA-2023-0005-1322.pdf
11/08/2025 - 17:30:00 - [INFO] - Opened URL https://www.regulations.gov/comment/NTIA-2023-0005-1290
11/08/2025 - 17:30:01 - [INFO] - Found attachments: [<selenium.webdriver.remote.webelement.WebElement (session="7e2266d1e9254bd916bc7890e039b8b9", element="f.666423B4758BFD68E1C2E286C4B7D438.d.9627869EAFF6364CD5938535522BDEFC.e.11")>]
11/08/2025 - 17:30:01 - [INFO] - Found 1 attachments
11/08/2025 - 17:30:01 - [INFO] - Downloading attachment 1/1 from https://downloads.regulations.gov/NTIA-2023-0005-1290/attachment_1.pdf
11/08/2025 - 17:30:01 - [INFO] - Updated metadata.json for NTIA-2023-0005-1290
11/08/2025 - 17:30:01 - [INFO] - PDF file saved as NTIA__CommentonFRDoc202307776__20230615__NTIA-2023-0005-1290.pdf
11/08/2025 - 17:30:02 - [INFO] - Opened URL https://www.regulations.gov/comment/NTIA-2023-0005-1384
11/08/2025 - 17:30:03 - [INFO] - Found attachments: [<selenium.webdriver.remote.webelement.WebElement (session="7e2266d1e9254bd916bc7890e039b8b9", element="f.67E3B90FB5B8BF687D4D4D7E3E52975A.d.1E595C044E0F827766FBFB76B7EE15EC.e.12")>]
11/08/2025 - 17:30:03 - [INFO] - Found 1 attachments
11/08/2025 - 17:30:03 - [INFO] - Downloading attachment 1/1 from https://downloads.regulations.gov/NTIA-2023-0005-1384/attachment_1.pdf
11/08/2025 - 17:30:03 - [INFO] - Updated metadata.json for NTIA-2023-0005-1384
11/08/2025 - 17:30:03 - [INFO] - PDF file saved as NTIA__CommentonFRDoc202307776__20230615__NTIA-2023-0005-1384.pdf
11/08/2025 - 17:30:04 - [INFO] - Opened URL https://www.regulations.gov/comment/NTIA-2023-0005-1366
11/08/2025 - 17:30:07 - [INFO] - Found attachments: [<selenium.webdriver.remote.webelement.WebElement (session="7e2266d1e9254bd916bc7890e039b8b9", element="f.B758422AB803BE62456ABA62B09CDDAF.d.C96B2EE740FE1DD98F36B55DF7DCD42F.e.11")>]
11/08/2025 - 17:30:09 - [INFO] - Found 1 attachments
11/08/2025 - 17:30:09 - [INFO] - Downloading attachment 1/1 from https://downloads.regulations.gov/NTIA-2023-0005-1366/attachment_1.pdf
11/08/2025 - 17:30:09 - [INFO] - Updated metadata.json for NTIA-2023-0005-1366
11/08/2025 - 17:30:09 - [INFO] - PDF file saved as NTIA__CommentonFRDoc202307776__20230615__NTIA-2023-0005-1366.pdf
11/08/2025 - 17:30:10 - [INFO] - Opened URL https://www.regulations.gov/comment/NTIA-2023-0005-1414
11/08/2025 - 17:30:11 - [INFO] - Found attachments: [<selenium.webdriver.remote.webelement.WebElement (session="7e2266d1e9254bd916bc7890e039b8b9", element="f.6D69D58E4967A8E3FE6D01D78ABF0825.d.976C3827958BBCA94AEE57F89A7BC54F.e.11")>]
11/08/2025 - 17:30:11 - [INFO] - Found 1 attachments
11/08/2025 - 17:30:11 - [INFO] - Downloading attachment 1/1 from https://downloads.regulations.gov/NTIA-2023-0005-1414/attachment_1.pdf
11/08/2025 - 17:30:11 - [INFO] - Updated metadata.json for NTIA-2023-0005-1414
11/08/2025 - 17:30:11 - [INFO] - PDF file saved as NTIA__CommentonFRDoc202307776__20230615__NTIA-2023-0005-1414.pdf
11/08/2025 - 17:30:12 - [INFO] - Opened URL https://www.regulations.gov/comment/NTIA-2023-0005-1424
11/08/2025 - 17:30:15 - [INFO] - Found attachments: [<selenium.webdriver.remote.webelement.WebElement (session="7e2266d1e9254bd916bc7890e039b8b9", element="f.5A501A782ED78439E7BE5E0F5D970904.d.6B9FAF1CFF91B35A8449C1F9F925DEE0.e.11")>]
11/08/2025 - 17:30:15 - [INFO] - Found 1 attachments
11/08/2025 - 17:30:15 - [INFO] - Downloading attachment 1/1 from https://downloads.regulations.gov/NTIA-2023-0005-1424/attachment_1.pdf
11/08/2025 - 17:30:15 - [INFO] - Updated metadata.json for NTIA-2023-0005-1424
11/08/2025 - 17:30:15 - [INFO] - PDF file saved as NTIA__CommentonFRDoc202307776__20230615__NTIA-2023-0005-1424.pdf
11/08/2025 - 17:30:16 - [INFO] - Opened URL https://www.regulations.gov/comment/NTIA-2023-0005-1353
11/08/2025 - 17:30:17 - [INFO] - Found attachments: [<selenium.webdriver.remote.webelement.WebElement (session="7e2266d1e9254bd916bc7890e039b8b9", element="f.32165F9C3BE7D744E717DEFE33A07EC3.d.E1B940AC0DF29951ABCC878D9C9B780B.e.11")>]
11/08/2025 - 17:30:17 - [INFO] - Found 1 attachments
11/08/2025 - 17:30:17 - [INFO] - Downloading attachment 1/1 from https://downloads.regulations.gov/NTIA-2023-0005-1353/attachment_1.pdf
11/08/2025 - 17:30:17 - [INFO] - Updated metadata.json for NTIA-2023-0005-1353
11/08/2025 - 17:30:17 - [INFO] - PDF file saved as NTIA__CommentonFRDoc202307776__20230615__NTIA-2023-0005-1353.pdf
11/08/2025 - 17:30:18 - [INFO] - Opened URL https://www.regulations.gov/comment/NTIA-2023-0005-1267
11/08/2025 - 17:30:19 - [INFO] - Found attachments: [<selenium.webdriver.remote.webelement.WebElement (session="7e2266d1e9254bd916bc7890e039b8b9", element="f.EA59ECBBB745BFBEB27B66CADFABEFAC.d.17D165FF2D356F824BE28273E2D2375C.e.12")>]
11/08/2025 - 17:30:19 - [INFO] - Found 1 attachments
11/08/2025 - 17:30:19 - [INFO] - Downloading attachment 1/1 from https://downloads.regulations.gov/NTIA-2023-0005-1267/attachment_1.pdf
11/08/2025 - 17:30:19 - [INFO] - Updated metadata.json for NTIA-2023-0005-1267
11/08/2025 - 17:30:19 - [INFO] - PDF file saved as NTIA__CommentonFRDoc202307776__20230615__NTIA-2023-0005-1267.pdf
11/08/2025 - 17:30:20 - [INFO] - Opened URL https://www.regulations.gov/comment/NTIA-2023-0005-1306
11/08/2025 - 17:30:21 - [INFO] - Found attachments: [<selenium.webdriver.remote.webelement.WebElement (session="7e2266d1e9254bd916bc7890e039b8b9", element="f.D20737250BC8463850A49620E9422734.d.65D5241CC0F70F005E934F1843315A46.e.11")>]
11/08/2025 - 17:30:23 - [INFO] - Found 1 attachments
11/08/2025 - 17:30:23 - [INFO] - Downloading attachment 1/1 from https://downloads.regulations.gov/NTIA-2023-0005-1306/attachment_1.pdf
11/08/2025 - 17:30:23 - [INFO] - Updated metadata.json for NTIA-2023-0005-1306
11/08/2025 - 17:30:23 - [INFO] - PDF file saved as NTIA__CommentonFRDoc202307776__20230615__NTIA-2023-0005-1306.pdf
11/08/2025 - 17:30:24 - [INFO] - Opened URL https://www.regulations.gov/comment/NTIA-2023-0005-0005
11/08/2025 - 17:30:25 - [INFO] - Found attachments: [<selenium.webdriver.remote.webelement.WebElement (session="7e2266d1e9254bd916bc7890e039b8b9", element="f.828ABA3D4567FFF294D54EBBB5670E06.d.C6F8B7136B1821F9A311021A6B571EEB.e.11")>]
11/08/2025 - 17:30:25 - [INFO] - Found 1 attachments
11/08/2025 - 17:30:25 - [INFO] - Downloading attachment 1/1 from https://downloads.regulations.gov/NTIA-2023-0005-0005/attachment_1.pdf
11/08/2025 - 17:30:25 - [INFO] - Updated metadata.json for NTIA-2023-0005-0005
11/08/2025 - 17:30:25 - [INFO] - PDF file saved as NTIA__NTIA20230005CommentsofPwC__20230615__NTIA-2023-0005-0005.pdf
11/08/2025 - 17:30:26 - [INFO] - Opened URL https://www.regulations.gov/comment/NTIA-2023-0005-0014
11/08/2025 - 17:30:27 - [INFO] - Found attachments: []
11/08/2025 - 17:30:28 - [INFO] - Relevant abstract detected — saving as attachment 1/1
11/08/2025 - 17:30:28 - [INFO] - DOCX file saved as NTIA__CommentonFRDoc202307776__20230615__NTIA-2023-0005-0014.docx
11/08/2025 - 17:30:33 - [INFO] - Updated metadata.json for NTIA-2023-0005-0014
11/08/2025 - 17:30:33 - [INFO] - PDF file saved as NTIA__CommentonFRDoc202307776__20230615__NTIA-2023-0005-0014.pdf
11/08/2025 - 17:30:33 - [INFO] - Found 0 attachments
11/08/2025 - 17:30:34 - [INFO] - Opened URL https://www.regulations.gov/comment/NTIA-2023-0005-0042
11/08/2025 - 17:30:35 - [INFO] - Found attachments: []
11/08/2025 - 17:30:35 - [INFO] - Found 0 attachments
11/08/2025 - 17:30:35 - [WARNING] - No PDF attachments found.
11/08/2025 - 17:30:36 - [INFO] - Opened URL https://www.regulations.gov/comment/NTIA-2023-0005-0040
11/08/2025 - 17:30:37 - [INFO] - Found attachments: []
11/08/2025 - 17:30:38 - [INFO] - Relevant abstract detected — saving as attachment 1/1
11/08/2025 - 17:30:38 - [INFO] - DOCX file saved as NTIA__CommentonFRDoc202307776__20230615__NTIA-2023-0005-0040.docx
11/08/2025 - 17:30:41 - [INFO] - Updated metadata.json for NTIA-2023-0005-0040
11/08/2025 - 17:30:41 - [INFO] - PDF file saved as NTIA__CommentonFRDoc202307776__20230615__NTIA-2023-0005-0040.pdf
11/08/2025 - 17:30:41 - [INFO] - Found 0 attachments
11/08/2025 - 17:30:42 - [INFO] - Opened URL https://www.regulations.gov/comment/NTIA-2023-0005-0029
11/08/2025 - 17:30:43 - [INFO] - Found attachments: []
11/08/2025 - 17:30:44 - [INFO] - Relevant abstract detected — saving as attachment 1/1
11/08/2025 - 17:30:44 - [INFO] - DOCX file saved as NTIA__CommentonFRDoc202307776__20230615__NTIA-2023-0005-0029.docx
11/08/2025 - 17:30:49 - [INFO] - Updated metadata.json for NTIA-2023-0005-0029
11/08/2025 - 17:30:49 - [INFO] - PDF file saved as NTIA__CommentonFRDoc202307776__20230615__NTIA-2023-0005-0029.pdf
11/08/2025 - 17:30:49 - [INFO] - Found 0 attachments
11/08/2025 - 17:30:50 - [INFO] - Opened URL https://www.regulations.gov/comment/NTIA-2023-0005-0034
11/08/2025 - 17:30:51 - [INFO] - Found attachments: []
11/08/2025 - 17:30:51 - [INFO] - Found 0 attachments
11/08/2025 - 17:30:51 - [WARNING] - No PDF attachments found.
11/08/2025 - 17:30:51 - [INFO] - Opened URL https://www.regulations.gov/comment/NTIA-2023-0005-0033
11/08/2025 - 17:30:53 - [INFO] - Found attachments: []
11/08/2025 - 17:30:53 - [INFO] - Relevant abstract detected — saving as attachment 1/1
11/08/2025 - 17:30:54 - [INFO] - DOCX file saved as NTIA__CommentonFRDoc202307776__20230615__NTIA-2023-0005-0033.docx
11/08/2025 - 17:30:58 - [INFO] - Updated metadata.json for NTIA-2023-0005-0033
11/08/2025 - 17:30:58 - [INFO] - PDF file saved as NTIA__CommentonFRDoc202307776__20230615__NTIA-2023-0005-0033.pdf
11/08/2025 - 17:30:58 - [INFO] - Found 0 attachments
11/08/2025 - 17:30:59 - [INFO] - Scraping page 2...
11/08/2025 - 17:31:02 - [INFO] - Opened URL https://www.regulations.gov/comment/NTIA-2023-0005-0047
11/08/2025 - 17:31:02 - [INFO] - Found attachments: []
11/08/2025 - 17:31:03 - [INFO] - Relevant abstract detected — saving as attachment 1/1
11/08/2025 - 17:31:03 - [INFO] - DOCX file saved as NTIA__CommentonFRDoc202307776__20230615__NTIA-2023-0005-0047.docx
11/08/2025 - 17:31:06 - [INFO] - Updated metadata.json for NTIA-2023-0005-0047
11/08/2025 - 17:31:06 - [INFO] - PDF file saved as NTIA__CommentonFRDoc202307776__20230615__NTIA-2023-0005-0047.pdf
11/08/2025 - 17:31:06 - [INFO] - Found 0 attachments
11/08/2025 - 17:31:07 - [INFO] - Opened URL https://www.regulations.gov/comment/NTIA-2023-0005-0060
11/08/2025 - 17:31:08 - [INFO] - Found attachments: []
11/08/2025 - 17:31:10 - [INFO] - Relevant abstract detected — saving as attachment 1/1
11/08/2025 - 17:31:10 - [INFO] - DOCX file saved as NTIA__CommentonFRDoc202307776__20230615__NTIA-2023-0005-0060.docx
11/08/2025 - 17:31:15 - [INFO] - Updated metadata.json for NTIA-2023-0005-0060
11/08/2025 - 17:31:15 - [INFO] - PDF file saved as NTIA__CommentonFRDoc202307776__20230615__NTIA-2023-0005-0060.pdf
11/08/2025 - 17:31:15 - [INFO] - Found 0 attachments
11/08/2025 - 17:31:16 - [INFO] - Opened URL https://www.regulations.gov/comment/NTIA-2023-0005-0064
11/08/2025 - 17:31:17 - [INFO] - Found attachments: []
11/08/2025 - 17:31:18 - [INFO] - Relevant abstract detected — saving as attachment 1/1
11/08/2025 - 17:31:18 - [INFO] - DOCX file saved as NTIA__CommentonFRDoc202307776__20230615__NTIA-2023-0005-0064.docx
11/08/2025 - 17:31:23 - [INFO] - Updated metadata.json for NTIA-2023-0005-0064
11/08/2025 - 17:31:23 - [INFO] - PDF file saved as NTIA__CommentonFRDoc202307776__20230615__NTIA-2023-0005-0064.pdf
11/08/2025 - 17:31:23 - [INFO] - Found 0 attachments
11/08/2025 - 17:31:24 - [INFO] - Opened URL https://www.regulations.gov/comment/NTIA-2023-0005-0058
11/08/2025 - 17:31:25 - [INFO] - Found attachments: []
11/08/2025 - 17:31:26 - [INFO] - Relevant abstract detected — saving as attachment 1/1
11/08/2025 - 17:31:26 - [INFO] - DOCX file saved as NTIA__CommentonFRDoc202307776__20230615__NTIA-2023-0005-0058.docx
11/08/2025 - 17:31:29 - [INFO] - Updated metadata.json for NTIA-2023-0005-0058
11/08/2025 - 17:31:29 - [INFO] - PDF file saved as NTIA__CommentonFRDoc202307776__20230615__NTIA-2023-0005-0058.pdf
11/08/2025 - 17:31:29 - [INFO] - Found 0 attachments
11/08/2025 - 17:31:29 - [INFO] - Opened URL https://www.regulations.gov/comment/NTIA-2023-0005-0031
11/08/2025 - 17:31:30 - [INFO] - Found attachments: [<selenium.webdriver.remote.webelement.WebElement (session="7e2266d1e9254bd916bc7890e039b8b9", element="f.ACD5B6F693828E13C465F77C7759930B.d.BD0794C0A3F9385AE211C230A714C7F3.e.9")>]
11/08/2025 - 17:31:31 - [INFO] - Relevant abstract detected — saving as attachment 1/2
11/08/2025 - 17:31:31 - [INFO] - DOCX file saved as NTIA__CommentonFRDoc202307776__20230615__NTIA-2023-0005-0031_attachment1.docx
11/08/2025 - 17:31:34 - [INFO] - Updated metadata.json for NTIA-2023-0005-0031
11/08/2025 - 17:31:34 - [INFO] - PDF file saved as NTIA__CommentonFRDoc202307776__20230615__NTIA-2023-0005-0031_attachment1.pdf
11/08/2025 - 17:31:34 - [INFO] - Found 1 attachments
11/08/2025 - 17:31:34 - [INFO] - Downloading attachment 2/2 from https://downloads.regulations.gov/NTIA-2023-0005-0031/attachment_1.docx
11/08/2025 - 17:31:40 - [INFO] - Updated metadata.json for NTIA-2023-0005-0031
11/08/2025 - 17:31:40 - [INFO] - PDF file saved as NTIA__CommentonFRDoc202307776__20230615__NTIA-2023-0005-0031_attachment2.docx
11/08/2025 - 17:31:41 - [INFO] - Opened URL https://www.regulations.gov/comment/NTIA-2023-0005-0015
11/08/2025 - 17:31:42 - [INFO] - Found attachments: []
11/08/2025 - 17:31:43 - [INFO] - Relevant abstract detected — saving as attachment 1/1
11/08/2025 - 17:31:43 - [INFO] - DOCX file saved as NTIA__CommentonFRDoc202307776__20230615__NTIA-2023-0005-0015.docx
11/08/2025 - 17:31:48 - [INFO] - Updated metadata.json for NTIA-2023-0005-0015
11/08/2025 - 17:31:48 - [INFO] - PDF file saved as NTIA__CommentonFRDoc202307776__20230615__NTIA-2023-0005-0015.pdf
11/08/2025 - 17:31:48 - [INFO] - Found 0 attachments
11/08/2025 - 17:31:49 - [INFO] - Opened URL https://www.regulations.gov/comment/NTIA-2023-0005-0039
11/08/2025 - 17:31:50 - [INFO] - Found attachments: []
11/08/2025 - 17:31:50 - [INFO] - Relevant abstract detected — saving as attachment 1/1
11/08/2025 - 17:31:50 - [INFO] - DOCX file saved as NTIA__CommentonFRDoc202307776__20230615__NTIA-2023-0005-0039.docx
11/08/2025 - 17:31:53 - [INFO] - Updated metadata.json for NTIA-2023-0005-0039
11/08/2025 - 17:31:53 - [INFO] - PDF file saved as NTIA__CommentonFRDoc202307776__20230615__NTIA-2023-0005-0039.pdf
11/08/2025 - 17:31:53 - [INFO] - Found 0 attachments
11/08/2025 - 17:31:54 - [INFO] - Opened URL https://www.regulations.gov/comment/NTIA-2023-0005-0021
11/08/2025 - 17:31:55 - [INFO] - Found attachments: []
11/08/2025 - 17:31:56 - [INFO] - Relevant abstract detected — saving as attachment 1/1
11/08/2025 - 17:31:56 - [INFO] - DOCX file saved as NTIA__CommentonFRDoc202307776__20230615__NTIA-2023-0005-0021.docx
11/08/2025 - 17:31:59 - [INFO] - Updated metadata.json for NTIA-2023-0005-0021
11/08/2025 - 17:31:59 - [INFO] - PDF file saved as NTIA__CommentonFRDoc202307776__20230615__NTIA-2023-0005-0021.pdf
11/08/2025 - 17:31:59 - [INFO] - Found 0 attachments
11/08/2025 - 17:32:00 - [INFO] - Opened URL https://www.regulations.gov/comment/NTIA-2023-0005-0055
11/08/2025 - 17:32:01 - [INFO] - Found attachments: []
11/08/2025 - 17:32:02 - [INFO] - Relevant abstract detected — saving as attachment 1/1
11/08/2025 - 17:32:02 - [INFO] - DOCX file saved as NTIA__CommentonFRDoc202307776__20230615__NTIA-2023-0005-0055.docx
11/08/2025 - 17:32:07 - [INFO] - Updated metadata.json for NTIA-2023-0005-0055
11/08/2025 - 17:32:07 - [INFO] - PDF file saved as NTIA__CommentonFRDoc202307776__20230615__NTIA-2023-0005-0055.pdf
11/08/2025 - 17:32:07 - [INFO] - Found 0 attachments
11/08/2025 - 17:32:08 - [INFO] - Opened URL https://www.regulations.gov/comment/NTIA-2023-0005-0025
11/08/2025 - 17:32:11 - [INFO] - Found attachments: []
11/08/2025 - 17:32:12 - [INFO] - Relevant abstract detected — saving as attachment 1/1
11/08/2025 - 17:32:12 - [INFO] - DOCX file saved as NTIA__CommentonFRDoc202307776__20230615__NTIA-2023-0005-0025.docx
11/08/2025 - 17:32:17 - [INFO] - Updated metadata.json for NTIA-2023-0005-0025
11/08/2025 - 17:32:17 - [INFO] - PDF file saved as NTIA__CommentonFRDoc202307776__20230615__NTIA-2023-0005-0025.pdf
11/08/2025 - 17:32:17 - [INFO] - Found 0 attachments
11/08/2025 - 17:32:18 - [INFO] - Opened URL https://www.regulations.gov/comment/NTIA-2023-0005-0065
11/08/2025 - 17:32:19 - [INFO] - Found attachments: []
11/08/2025 - 17:32:20 - [INFO] - Relevant abstract detected — saving as attachment 1/1
11/08/2025 - 17:32:20 - [INFO] - DOCX file saved as NTIA__CommentonFRDoc202307776__20230615__NTIA-2023-0005-0065.docx
11/08/2025 - 17:32:25 - [INFO] - Updated metadata.json for NTIA-2023-0005-0065
11/08/2025 - 17:32:25 - [INFO] - PDF file saved as NTIA__CommentonFRDoc202307776__20230615__NTIA-2023-0005-0065.pdf
11/08/2025 - 17:32:25 - [INFO] - Found 0 attachments
11/08/2025 - 17:32:26 - [INFO] - Opened URL https://www.regulations.gov/comment/NTIA-2023-0005-0056
11/08/2025 - 17:32:29 - [INFO] - Found attachments: []
11/08/2025 - 17:32:31 - [INFO] - Relevant abstract detected — saving as attachment 1/1
11/08/2025 - 17:32:31 - [INFO] - DOCX file saved as NTIA__CommentonFRDoc202307776__20230615__NTIA-2023-0005-0056.docx
11/08/2025 - 17:32:36 - [INFO] - Updated metadata.json for NTIA-2023-0005-0056
11/08/2025 - 17:32:36 - [INFO] - PDF file saved as NTIA__CommentonFRDoc202307776__20230615__NTIA-2023-0005-0056.pdf
11/08/2025 - 17:32:36 - [INFO] - Found 0 attachments
11/08/2025 - 17:32:36 - [INFO] - Opened URL https://www.regulations.gov/comment/NTIA-2023-0005-0051
11/08/2025 - 17:32:37 - [INFO] - Found attachments: []
11/08/2025 - 17:32:38 - [INFO] - Relevant abstract detected — saving as attachment 1/1
11/08/2025 - 17:32:38 - [INFO] - DOCX file saved as NTIA__CommentonFRDoc202307776__20230615__NTIA-2023-0005-0051.docx
11/08/2025 - 17:32:43 - [INFO] - Updated metadata.json for NTIA-2023-0005-0051
11/08/2025 - 17:32:43 - [INFO] - PDF file saved as NTIA__CommentonFRDoc202307776__20230615__NTIA-2023-0005-0051.pdf
11/08/2025 - 17:32:43 - [INFO] - Found 0 attachments
11/08/2025 - 17:32:44 - [INFO] - Opened URL https://www.regulations.gov/comment/NTIA-2023-0005-0027
11/08/2025 - 17:32:45 - [INFO] - Found attachments: []
11/08/2025 - 17:33:00 - [INFO] - Relevant abstract detected — saving as attachment 1/1
11/08/2025 - 17:33:00 - [INFO] - DOCX file saved as NTIA__CommentonFRDoc202307776__20230615__NTIA-2023-0005-0027.docx
11/08/2025 - 17:33:02 - [INFO] - Updated metadata.json for NTIA-2023-0005-0027
11/08/2025 - 17:33:02 - [INFO] - PDF file saved as NTIA__CommentonFRDoc202307776__20230615__NTIA-2023-0005-0027.pdf
11/08/2025 - 17:33:02 - [INFO] - Found 0 attachments
11/08/2025 - 17:33:03 - [INFO] - Opened URL https://www.regulations.gov/comment/NTIA-2023-0005-0044
11/08/2025 - 17:33:04 - [INFO] - Found attachments: []
11/08/2025 - 17:33:05 - [INFO] - Relevant abstract detected — saving as attachment 1/1
11/08/2025 - 17:33:05 - [INFO] - DOCX file saved as NTIA__CommentonFRDoc202307776__20230615__NTIA-2023-0005-0044.docx
11/08/2025 - 17:33:08 - [INFO] - Updated metadata.json for NTIA-2023-0005-0044
11/08/2025 - 17:33:08 - [INFO] - PDF file saved as NTIA__CommentonFRDoc202307776__20230615__NTIA-2023-0005-0044.pdf
11/08/2025 - 17:33:08 - [INFO] - Found 0 attachments
11/08/2025 - 17:33:09 - [INFO] - Opened URL https://www.regulations.gov/comment/NTIA-2023-0005-0053
11/08/2025 - 17:33:10 - [INFO] - Found attachments: []
11/08/2025 - 17:33:11 - [INFO] - Relevant abstract detected — saving as attachment 1/1
11/08/2025 - 17:33:11 - [INFO] - DOCX file saved as NTIA__CommentonFRDoc202307776__20230615__NTIA-2023-0005-0053.docx
11/08/2025 - 17:33:16 - [INFO] - Updated metadata.json for NTIA-2023-0005-0053
11/08/2025 - 17:33:16 - [INFO] - PDF file saved as NTIA__CommentonFRDoc202307776__20230615__NTIA-2023-0005-0053.pdf
11/08/2025 - 17:33:16 - [INFO] - Found 0 attachments
11/08/2025 - 17:33:17 - [INFO] - Opened URL https://www.regulations.gov/comment/NTIA-2023-0005-0010
11/08/2025 - 17:33:18 - [INFO] - Found attachments: [<selenium.webdriver.remote.webelement.WebElement (session="7e2266d1e9254bd916bc7890e039b8b9", element="f.245A73FE5050505863DCF92074B801AF.d.96C9CA91B6F14E6C20552A3AE31F9566.e.11")>]
11/08/2025 - 17:33:21 - [INFO] - Relevant abstract detected — saving as attachment 1/2
11/08/2025 - 17:33:21 - [INFO] - DOCX file saved as NTIA__CommentonFRDoc202307776__20230615__NTIA-2023-0005-0010_attachment1.docx
11/08/2025 - 17:33:26 - [INFO] - Updated metadata.json for NTIA-2023-0005-0010
11/08/2025 - 17:33:26 - [INFO] - PDF file saved as NTIA__CommentonFRDoc202307776__20230615__NTIA-2023-0005-0010_attachment1.pdf
11/08/2025 - 17:33:26 - [INFO] - Found 1 attachments
11/08/2025 - 17:33:26 - [INFO] - Downloading attachment 2/2 from https://downloads.regulations.gov/NTIA-2023-0005-0010/attachment_1.pdf
11/08/2025 - 17:33:26 - [INFO] - Updated metadata.json for NTIA-2023-0005-0010
11/08/2025 - 17:33:26 - [INFO] - PDF file saved as NTIA__CommentonFRDoc202307776__20230615__NTIA-2023-0005-0010_attachment2.pdf
11/08/2025 - 17:33:28 - [INFO] - Opened URL https://www.regulations.gov/comment/NTIA-2023-0005-1084
11/08/2025 - 17:33:29 - [INFO] - Found attachments: [<selenium.webdriver.remote.webelement.WebElement (session="7e2266d1e9254bd916bc7890e039b8b9", element="f.C762AF69C732792CE134387DBC36DF7A.d.9FE7DD16BDE1590EF7F31C81DCBB1185.e.11")>]
11/08/2025 - 17:33:29 - [INFO] - Found 1 attachments
11/08/2025 - 17:33:29 - [INFO] - Downloading attachment 1/1 from https://downloads.regulations.gov/NTIA-2023-0005-1084/attachment_1.docx
11/08/2025 - 17:33:35 - [INFO] - Updated metadata.json for NTIA-2023-0005-1084
11/08/2025 - 17:33:35 - [INFO] - PDF file saved as NTIA__CommentonFRDoc202307776__20230615__NTIA-2023-0005-1084.docx
11/08/2025 - 17:33:36 - [INFO] - Opened URL https://www.regulations.gov/comment/NTIA-2023-0005-1078
11/08/2025 - 17:33:37 - [INFO] - Found attachments: [<selenium.webdriver.remote.webelement.WebElement (session="7e2266d1e9254bd916bc7890e039b8b9", element="f.5C8C4816ACEEBB8528A3A3078ECE7E40.d.1BB4024DD06E79D56BE2DDFE706B5302.e.11")>]
11/08/2025 - 17:33:37 - [INFO] - Found 1 attachments
11/08/2025 - 17:33:37 - [INFO] - Downloading attachment 1/1 from https://downloads.regulations.gov/NTIA-2023-0005-1078/attachment_1.pdf
11/08/2025 - 17:33:37 - [INFO] - Updated metadata.json for NTIA-2023-0005-1078
11/08/2025 - 17:33:37 - [INFO] - PDF file saved as NTIA__CommentonFRDoc202307776__20230615__NTIA-2023-0005-1078.pdf
11/08/2025 - 17:33:38 - [INFO] - Opened URL https://www.regulations.gov/comment/NTIA-2023-0005-1042
11/08/2025 - 17:33:39 - [INFO] - Found attachments: [<selenium.webdriver.remote.webelement.WebElement (session="7e2266d1e9254bd916bc7890e039b8b9", element="f.AEECF63B34A9008E854B501E57F3DCD0.d.5714E7EF8080FC417D61F93E60596335.e.12")>]
11/08/2025 - 17:33:39 - [INFO] - Found 1 attachments
11/08/2025 - 17:33:39 - [INFO] - Downloading attachment 1/1 from https://downloads.regulations.gov/NTIA-2023-0005-1042/attachment_1.pdf
11/08/2025 - 17:33:39 - [INFO] - Updated metadata.json for NTIA-2023-0005-1042
11/08/2025 - 17:33:39 - [INFO] - PDF file saved as NTIA__CommentonFRDoc202307776__20230615__NTIA-2023-0005-1042.pdf
11/08/2025 - 17:33:40 - [INFO] - Opened URL https://www.regulations.gov/comment/NTIA-2023-0005-1011
11/08/2025 - 17:33:41 - [INFO] - Found attachments: [<selenium.webdriver.remote.webelement.WebElement (session="7e2266d1e9254bd916bc7890e039b8b9", element="f.2F9FCA51BE25C74B4F1AD6EFA7844FD8.d.757175D313550E5439DD885E6B01681A.e.10")>]
11/08/2025 - 17:33:42 - [INFO] - Relevant abstract detected — saving as attachment 1/2
11/08/2025 - 17:33:42 - [INFO] - DOCX file saved as NTIA__CommentonFRDoc202307776__20230615__NTIA-2023-0005-1011_attachment1.docx
11/08/2025 - 17:33:47 - [INFO] - Updated metadata.json for NTIA-2023-0005-1011
11/08/2025 - 17:33:47 - [INFO] - PDF file saved as NTIA__CommentonFRDoc202307776__20230615__NTIA-2023-0005-1011_attachment1.pdf
11/08/2025 - 17:33:47 - [INFO] - Found 1 attachments
11/08/2025 - 17:33:47 - [INFO] - Downloading attachment 2/2 from https://downloads.regulations.gov/NTIA-2023-0005-1011/attachment_1.pdf
11/08/2025 - 17:33:47 - [INFO] - Updated metadata.json for NTIA-2023-0005-1011
11/08/2025 - 17:33:47 - [INFO] - PDF file saved as NTIA__CommentonFRDoc202307776__20230615__NTIA-2023-0005-1011_attachment2.pdf
11/08/2025 - 17:33:48 - [INFO] - Opened URL https://www.regulations.gov/comment/NTIA-2023-0005-0949
11/08/2025 - 17:33:49 - [INFO] - Found attachments: [<selenium.webdriver.remote.webelement.WebElement (session="7e2266d1e9254bd916bc7890e039b8b9", element="f.FFED46A5427A180B615D4240C6F79E44.d.72FA7BFACB9F6139AC6D660F78457AAC.e.13")>]
11/08/2025 - 17:33:50 - [INFO] - Relevant abstract detected — saving as attachment 1/2
11/08/2025 - 17:33:50 - [INFO] - DOCX file saved as NTIA__CommentonFRDoc202307776__20230615__NTIA-2023-0005-0949_attachment1.docx
11/08/2025 - 17:33:53 - [INFO] - Updated metadata.json for NTIA-2023-0005-0949
11/08/2025 - 17:33:53 - [INFO] - PDF file saved as NTIA__CommentonFRDoc202307776__20230615__NTIA-2023-0005-0949_attachment1.pdf
11/08/2025 - 17:33:53 - [INFO] - Found 1 attachments
11/08/2025 - 17:33:53 - [INFO] - Downloading attachment 2/2 from https://downloads.regulations.gov/NTIA-2023-0005-0949/attachment_1.pdf
11/08/2025 - 17:33:53 - [INFO] - Updated metadata.json for NTIA-2023-0005-0949
11/08/2025 - 17:33:53 - [INFO] - PDF file saved as NTIA__CommentonFRDoc202307776__20230615__NTIA-2023-0005-0949_attachment2.pdf
11/08/2025 - 17:33:54 - [INFO] - Opened URL https://www.regulations.gov/comment/NTIA-2023-0005-0998
11/08/2025 - 17:33:55 - [INFO] - Found attachments: [<selenium.webdriver.remote.webelement.WebElement (session="7e2266d1e9254bd916bc7890e039b8b9", element="f.761EE9DC2E82E697F277209EC954C753.d.718E394ACEB67AADF57A5C42E5A8726C.e.11")>]
11/08/2025 - 17:33:56 - [INFO] - Relevant abstract detected — saving as attachment 1/2
11/08/2025 - 17:33:56 - [INFO] - DOCX file saved as NTIA__CommentonFRDoc202307776__20230615__NTIA-2023-0005-0998_attachment1.docx
11/08/2025 - 17:33:58 - [INFO] - Updated metadata.json for NTIA-2023-0005-0998
11/08/2025 - 17:33:58 - [INFO] - PDF file saved as NTIA__CommentonFRDoc202307776__20230615__NTIA-2023-0005-0998_attachment1.pdf
11/08/2025 - 17:33:58 - [INFO] - Found 1 attachments
11/08/2025 - 17:33:58 - [INFO] - Downloading attachment 2/2 from https://downloads.regulations.gov/NTIA-2023-0005-0998/attachment_1.png
11/08/2025 - 17:33:59 - [INFO] - Updated metadata.json for NTIA-2023-0005-0998
11/08/2025 - 17:33:59 - [INFO] - PDF file saved as NTIA__CommentonFRDoc202307776__20230615__NTIA-2023-0005-0998_attachment2.png
11/08/2025 - 17:34:00 - [INFO] - Opened URL https://www.regulations.gov/comment/NTIA-2023-0005-0894
11/08/2025 - 17:34:01 - [INFO] - Found attachments: [<selenium.webdriver.remote.webelement.WebElement (session="7e2266d1e9254bd916bc7890e039b8b9", element="f.4C0AE693B1287AEBB7CF28B27DE5CD09.d.DD6112137971B9901F0F240DF148AE9A.e.9")>]
11/08/2025 - 17:34:01 - [INFO] - Found 1 attachments
11/08/2025 - 17:34:02 - [INFO] - Downloading attachment 1/1 from https://downloads.regulations.gov/NTIA-2023-0005-0894/attachment_1.pdf
11/08/2025 - 17:34:02 - [INFO] - Updated metadata.json for NTIA-2023-0005-0894
11/08/2025 - 17:34:02 - [INFO] - PDF file saved as NTIA__CommentonFRDoc202307776__20230615__NTIA-2023-0005-0894.pdf
11/08/2025 - 17:34:03 - [INFO] - Opened URL https://www.regulations.gov/comment/NTIA-2023-0005-0953
11/08/2025 - 17:34:04 - [INFO] - Found attachments: [<selenium.webdriver.remote.webelement.WebElement (session="7e2266d1e9254bd916bc7890e039b8b9", element="f.9806955285E1D444216D12BA25CB9AE5.d.3CE7350A5E913996F17D73A5B63C6625.e.12")>]
11/08/2025 - 17:34:04 - [INFO] - Found 1 attachments
11/08/2025 - 17:34:04 - [INFO] - Downloading attachment 1/1 from https://downloads.regulations.gov/NTIA-2023-0005-0953/attachment_1.pdf
11/08/2025 - 17:34:04 - [INFO] - Updated metadata.json for NTIA-2023-0005-0953
11/08/2025 - 17:34:04 - [INFO] - PDF file saved as NTIA__CommentonFRDoc202307776__20230615__NTIA-2023-0005-0953.pdf
11/08/2025 - 17:34:05 - [INFO] - Scraping page 3...
11/08/2025 - 17:34:07 - [INFO] - Opened URL https://www.regulations.gov/comment/NTIA-2023-0005-0755
11/08/2025 - 17:34:08 - [INFO] - Found attachments: [<selenium.webdriver.remote.webelement.WebElement (session="7e2266d1e9254bd916bc7890e039b8b9", element="f.704D4166F67863A256DDEDD7FDA6D20E.d.0078BC3C5398CFE681357EAC390CE138.e.11")>]
11/08/2025 - 17:34:08 - [INFO] - Found 1 attachments
11/08/2025 - 17:34:08 - [INFO] - Downloading attachment 1/1 from https://downloads.regulations.gov/NTIA-2023-0005-0755/attachment_1.pdf
11/08/2025 - 17:34:08 - [INFO] - Updated metadata.json for NTIA-2023-0005-0755
11/08/2025 - 17:34:08 - [INFO] - PDF file saved as NTIA__CommentonFRDoc202307776__20230615__NTIA-2023-0005-0755.pdf
11/08/2025 - 17:34:09 - [INFO] - Opened URL https://www.regulations.gov/comment/NTIA-2023-0005-0817
11/08/2025 - 17:34:10 - [INFO] - Found attachments: [<selenium.webdriver.remote.webelement.WebElement (session="7e2266d1e9254bd916bc7890e039b8b9", element="f.45D088540425F71C9B5C6F93E6BA3DDD.d.FC3841D4771D4732002049422E914BE1.e.11")>]
11/08/2025 - 17:34:10 - [INFO] - Found 1 attachments
11/08/2025 - 17:34:10 - [INFO] - Downloading attachment 1/1 from https://downloads.regulations.gov/NTIA-2023-0005-0817/attachment_1.pdf
11/08/2025 - 17:34:10 - [INFO] - Updated metadata.json for NTIA-2023-0005-0817
11/08/2025 - 17:34:10 - [INFO] - PDF file saved as NTIA__CommentonFRDoc202307776__20230615__NTIA-2023-0005-0817.pdf
11/08/2025 - 17:34:11 - [INFO] - Opened URL https://www.regulations.gov/comment/NTIA-2023-0005-0777
11/08/2025 - 17:34:12 - [INFO] - Found attachments: [<selenium.webdriver.remote.webelement.WebElement (session="7e2266d1e9254bd916bc7890e039b8b9", element="f.C56B01865058975B35178AD1293A94D0.d.51B61C3ED789479E2DDE5ACAAD1986C3.e.11")>]
11/08/2025 - 17:34:12 - [INFO] - Found 1 attachments
11/08/2025 - 17:34:12 - [INFO] - Downloading attachment 1/1 from https://downloads.regulations.gov/NTIA-2023-0005-0777/attachment_1.pdf
11/08/2025 - 17:34:12 - [INFO] - Updated metadata.json for NTIA-2023-0005-0777
11/08/2025 - 17:34:12 - [INFO] - PDF file saved as NTIA__CommentonFRDoc202307776__20230615__NTIA-2023-0005-0777.pdf
11/08/2025 - 17:34:13 - [INFO] - Opened URL https://www.regulations.gov/comment/NTIA-2023-0005-0343
11/08/2025 - 17:34:14 - [INFO] - Found attachments: []
11/08/2025 - 17:34:15 - [INFO] - Relevant abstract detected — saving as attachment 1/1
11/08/2025 - 17:34:15 - [INFO] - DOCX file saved as NTIA__CommentonFRDoc202307776__20230615__NTIA-2023-0005-0343.docx
11/08/2025 - 17:34:19 - [INFO] - Updated metadata.json for NTIA-2023-0005-0343
11/08/2025 - 17:34:19 - [INFO] - PDF file saved as NTIA__CommentonFRDoc202307776__20230615__NTIA-2023-0005-0343.pdf
11/08/2025 - 17:34:19 - [INFO] - Found 0 attachments
11/08/2025 - 17:34:20 - [INFO] - Opened URL https://www.regulations.gov/comment/NTIA-2023-0005-0361
11/08/2025 - 17:34:21 - [INFO] - Found attachments: []
11/08/2025 - 17:34:22 - [INFO] - Relevant abstract detected — saving as attachment 1/1
11/08/2025 - 17:34:22 - [INFO] - DOCX file saved as NTIA__CommentonFRDoc202307776__20230615__NTIA-2023-0005-0361.docx
11/08/2025 - 17:34:25 - [INFO] - Updated metadata.json for NTIA-2023-0005-0361
11/08/2025 - 17:34:25 - [INFO] - PDF file saved as NTIA__CommentonFRDoc202307776__20230615__NTIA-2023-0005-0361.pdf
11/08/2025 - 17:34:25 - [INFO] - Found 0 attachments
11/08/2025 - 17:34:26 - [INFO] - Opened URL https://www.regulations.gov/comment/NTIA-2023-0005-0413
11/08/2025 - 17:34:27 - [INFO] - Found attachments: []
11/08/2025 - 17:34:28 - [INFO] - Relevant abstract detected — saving as attachment 1/1
11/08/2025 - 17:34:28 - [INFO] - DOCX file saved as NTIA__CommentonFRDoc202307776__20230615__NTIA-2023-0005-0413.docx
11/08/2025 - 17:34:33 - [INFO] - Updated metadata.json for NTIA-2023-0005-0413
11/08/2025 - 17:34:33 - [INFO] - PDF file saved as NTIA__CommentonFRDoc202307776__20230615__NTIA-2023-0005-0413.pdf
11/08/2025 - 17:34:33 - [INFO] - Found 0 attachments
11/08/2025 - 17:34:34 - [INFO] - Opened URL https://www.regulations.gov/comment/NTIA-2023-0005-0371
11/08/2025 - 17:34:35 - [INFO] - Found attachments: []
11/08/2025 - 17:34:36 - [INFO] - Relevant abstract detected — saving as attachment 1/1
11/08/2025 - 17:34:36 - [INFO] - DOCX file saved as NTIA__CommentonFRDoc202307776__20230615__NTIA-2023-0005-0371.docx
11/08/2025 - 17:34:39 - [INFO] - Updated metadata.json for NTIA-2023-0005-0371
11/08/2025 - 17:34:39 - [INFO] - PDF file saved as NTIA__CommentonFRDoc202307776__20230615__NTIA-2023-0005-0371.pdf
11/08/2025 - 17:34:39 - [INFO] - Found 0 attachments
11/08/2025 - 17:34:40 - [INFO] - Opened URL https://www.regulations.gov/comment/NTIA-2023-0005-0344
11/08/2025 - 17:34:41 - [INFO] - Found attachments: []
11/08/2025 - 17:34:41 - [INFO] - Relevant abstract detected — saving as attachment 1/1
11/08/2025 - 17:34:41 - [INFO] - DOCX file saved as NTIA__CommentonFRDoc202307776__20230615__NTIA-2023-0005-0344.docx
11/08/2025 - 17:34:46 - [INFO] - Updated metadata.json for NTIA-2023-0005-0344
11/08/2025 - 17:34:46 - [INFO] - PDF file saved as NTIA__CommentonFRDoc202307776__20230615__NTIA-2023-0005-0344.pdf
11/08/2025 - 17:34:46 - [INFO] - Found 0 attachments
11/08/2025 - 17:34:47 - [INFO] - Opened URL https://www.regulations.gov/comment/NTIA-2023-0005-0499
11/08/2025 - 17:34:48 - [INFO] - Found attachments: []
11/08/2025 - 17:34:49 - [INFO] - Relevant abstract detected — saving as attachment 1/1
11/08/2025 - 17:34:49 - [INFO] - DOCX file saved as NTIA__CommentonFRDoc202307776__20230615__NTIA-2023-0005-0499.docx
11/08/2025 - 17:34:54 - [INFO] - Updated metadata.json for NTIA-2023-0005-0499
11/08/2025 - 17:34:54 - [INFO] - PDF file saved as NTIA__CommentonFRDoc202307776__20230615__NTIA-2023-0005-0499.pdf
11/08/2025 - 17:34:54 - [INFO] - Found 0 attachments
11/08/2025 - 17:34:55 - [INFO] - Opened URL https://www.regulations.gov/comment/NTIA-2023-0005-0369
11/08/2025 - 17:34:56 - [INFO] - Found attachments: []
11/08/2025 - 17:34:57 - [INFO] - Relevant abstract detected — saving as attachment 1/1
11/08/2025 - 17:34:57 - [INFO] - DOCX file saved as NTIA__CommentonFRDoc202307776__20230615__NTIA-2023-0005-0369.docx
11/08/2025 - 17:35:02 - [INFO] - Updated metadata.json for NTIA-2023-0005-0369
11/08/2025 - 17:35:02 - [INFO] - PDF file saved as NTIA__CommentonFRDoc202307776__20230615__NTIA-2023-0005-0369.pdf
11/08/2025 - 17:35:02 - [INFO] - Found 0 attachments
11/08/2025 - 17:35:02 - [INFO] - Opened URL https://www.regulations.gov/comment/NTIA-2023-0005-0348
11/08/2025 - 17:35:03 - [INFO] - Found attachments: []
11/08/2025 - 17:35:04 - [INFO] - Relevant abstract detected — saving as attachment 1/1
11/08/2025 - 17:35:04 - [INFO] - DOCX file saved as NTIA__CommentonFRDoc202307776__20230615__NTIA-2023-0005-0348.docx
11/08/2025 - 17:35:07 - [INFO] - Updated metadata.json for NTIA-2023-0005-0348
11/08/2025 - 17:35:07 - [INFO] - PDF file saved as NTIA__CommentonFRDoc202307776__20230615__NTIA-2023-0005-0348.pdf
11/08/2025 - 17:35:07 - [INFO] - Found 0 attachments
11/08/2025 - 17:35:08 - [INFO] - Opened URL https://www.regulations.gov/comment/NTIA-2023-0005-0391
11/08/2025 - 17:35:09 - [INFO] - Found attachments: []
11/08/2025 - 17:35:10 - [INFO] - Relevant abstract detected — saving as attachment 1/1
11/08/2025 - 17:35:10 - [INFO] - DOCX file saved as NTIA__CommentonFRDoc202307776__20230615__NTIA-2023-0005-0391.docx
11/08/2025 - 17:35:15 - [INFO] - Updated metadata.json for NTIA-2023-0005-0391
11/08/2025 - 17:35:15 - [INFO] - PDF file saved as NTIA__CommentonFRDoc202307776__20230615__NTIA-2023-0005-0391.pdf
11/08/2025 - 17:35:15 - [INFO] - Found 0 attachments
11/08/2025 - 17:35:16 - [INFO] - Opened URL https://www.regulations.gov/comment/NTIA-2023-0005-0575
11/08/2025 - 17:35:17 - [INFO] - Found attachments: []
11/08/2025 - 17:35:18 - [INFO] - Relevant abstract detected — saving as attachment 1/1
11/08/2025 - 17:35:18 - [INFO] - DOCX file saved as NTIA__CommentonFRDoc202307776__20230615__NTIA-2023-0005-0575.docx
11/08/2025 - 17:35:23 - [INFO] - Updated metadata.json for NTIA-2023-0005-0575
11/08/2025 - 17:35:23 - [INFO] - PDF file saved as NTIA__CommentonFRDoc202307776__20230615__NTIA-2023-0005-0575.pdf
11/08/2025 - 17:35:23 - [INFO] - Found 0 attachments
11/08/2025 - 17:35:24 - [INFO] - Opened URL https://www.regulations.gov/comment/NTIA-2023-0005-0354
11/08/2025 - 17:35:25 - [INFO] - Found attachments: []
11/08/2025 - 17:35:25 - [INFO] - Found 0 attachments
11/08/2025 - 17:35:25 - [WARNING] - No PDF attachments found.
11/08/2025 - 17:35:26 - [INFO] - Opened URL https://www.regulations.gov/comment/NTIA-2023-0005-0577
11/08/2025 - 17:35:26 - [INFO] - Found attachments: []
11/08/2025 - 17:35:26 - [INFO] - Found 0 attachments
11/08/2025 - 17:35:26 - [WARNING] - No PDF attachments found.
11/08/2025 - 17:35:27 - [INFO] - Opened URL https://www.regulations.gov/comment/NTIA-2023-0005-0527
11/08/2025 - 17:35:28 - [INFO] - Found attachments: []
11/08/2025 - 17:35:29 - [INFO] - Relevant abstract detected — saving as attachment 1/1
11/08/2025 - 17:35:29 - [INFO] - DOCX file saved as NTIA__CommentonFRDoc202307776__20230615__NTIA-2023-0005-0527.docx
11/08/2025 - 17:35:34 - [INFO] - Updated metadata.json for NTIA-2023-0005-0527
11/08/2025 - 17:35:34 - [INFO] - PDF file saved as NTIA__CommentonFRDoc202307776__20230615__NTIA-2023-0005-0527.pdf
11/08/2025 - 17:35:34 - [INFO] - Found 0 attachments
11/08/2025 - 17:35:35 - [INFO] - Opened URL https://www.regulations.gov/comment/NTIA-2023-0005-0585
11/08/2025 - 17:35:36 - [INFO] - Found attachments: []
11/08/2025 - 17:35:37 - [INFO] - Relevant abstract detected — saving as attachment 1/1
11/08/2025 - 17:35:37 - [INFO] - DOCX file saved as NTIA__CommentonFRDoc202307776__20230615__NTIA-2023-0005-0585.docx
11/08/2025 - 17:35:42 - [INFO] - Updated metadata.json for NTIA-2023-0005-0585
11/08/2025 - 17:35:42 - [INFO] - PDF file saved as NTIA__CommentonFRDoc202307776__20230615__NTIA-2023-0005-0585.pdf
11/08/2025 - 17:35:42 - [INFO] - Found 0 attachments
11/08/2025 - 17:35:43 - [INFO] - Opened URL https://www.regulations.gov/comment/NTIA-2023-0005-0463
11/08/2025 - 17:35:44 - [INFO] - Found attachments: []
11/08/2025 - 17:35:45 - [INFO] - Relevant abstract detected — saving as attachment 1/1
11/08/2025 - 17:35:45 - [INFO] - DOCX file saved as NTIA__CommentonFRDoc202307776__20230615__NTIA-2023-0005-0463.docx
11/08/2025 - 17:35:49 - [INFO] - Updated metadata.json for NTIA-2023-0005-0463
11/08/2025 - 17:35:49 - [INFO] - PDF file saved as NTIA__CommentonFRDoc202307776__20230615__NTIA-2023-0005-0463.pdf
11/08/2025 - 17:35:49 - [INFO] - Found 0 attachments
11/08/2025 - 17:35:50 - [INFO] - Opened URL https://www.regulations.gov/comment/NTIA-2023-0005-0474
11/08/2025 - 17:35:51 - [INFO] - Found attachments: []
11/08/2025 - 17:35:51 - [INFO] - Found 0 attachments
11/08/2025 - 17:35:51 - [WARNING] - No PDF attachments found.
11/08/2025 - 17:35:52 - [INFO] - Opened URL https://www.regulations.gov/comment/NTIA-2023-0005-0372
11/08/2025 - 17:35:53 - [INFO] - Found attachments: []
11/08/2025 - 17:35:54 - [INFO] - Relevant abstract detected — saving as attachment 1/1
11/08/2025 - 17:35:54 - [INFO] - DOCX file saved as NTIA__CommentonFRDoc202307776__20230615__NTIA-2023-0005-0372.docx
11/08/2025 - 17:35:57 - [INFO] - Updated metadata.json for NTIA-2023-0005-0372
11/08/2025 - 17:35:57 - [INFO] - PDF file saved as NTIA__CommentonFRDoc202307776__20230615__NTIA-2023-0005-0372.pdf
11/08/2025 - 17:35:57 - [INFO] - Found 0 attachments
11/08/2025 - 17:35:58 - [INFO] - Opened URL https://www.regulations.gov/comment/NTIA-2023-0005-0757
11/08/2025 - 17:35:59 - [INFO] - Found attachments: []
11/08/2025 - 17:35:59 - [INFO] - Relevant abstract detected — saving as attachment 1/1
11/08/2025 - 17:35:59 - [INFO] - DOCX file saved as NTIA__CommentonFRDoc202307776__20230615__NTIA-2023-0005-0757.docx
11/08/2025 - 17:36:02 - [INFO] - Updated metadata.json for NTIA-2023-0005-0757
11/08/2025 - 17:36:02 - [INFO] - PDF file saved as NTIA__CommentonFRDoc202307776__20230615__NTIA-2023-0005-0757.pdf
11/08/2025 - 17:36:02 - [INFO] - Found 0 attachments
11/08/2025 - 17:36:03 - [INFO] - Opened URL https://www.regulations.gov/comment/NTIA-2023-0005-0754
11/08/2025 - 17:36:04 - [INFO] - Found attachments: []
11/08/2025 - 17:36:05 - [INFO] - Relevant abstract detected — saving as attachment 1/1
11/08/2025 - 17:36:05 - [INFO] - DOCX file saved as NTIA__CommentonFRDoc202307776__20230615__NTIA-2023-0005-0754.docx
11/08/2025 - 17:36:10 - [INFO] - Updated metadata.json for NTIA-2023-0005-0754
11/08/2025 - 17:36:10 - [INFO] - PDF file saved as NTIA__CommentonFRDoc202307776__20230615__NTIA-2023-0005-0754.pdf
11/08/2025 - 17:36:10 - [INFO] - Found 0 attachments
11/08/2025 - 17:36:11 - [INFO] - Opened URL https://www.regulations.gov/comment/NTIA-2023-0005-0552
11/08/2025 - 17:36:12 - [INFO] - Found attachments: []
11/08/2025 - 17:36:13 - [INFO] - Relevant abstract detected — saving as attachment 1/1
11/08/2025 - 17:36:13 - [INFO] - DOCX file saved as NTIA__CommentonFRDoc202307776__20230615__NTIA-2023-0005-0552.docx
11/08/2025 - 17:36:16 - [INFO] - Updated metadata.json for NTIA-2023-0005-0552
11/08/2025 - 17:36:16 - [INFO] - PDF file saved as NTIA__CommentonFRDoc202307776__20230615__NTIA-2023-0005-0552.pdf
11/08/2025 - 17:36:16 - [INFO] - Found 0 attachments
11/08/2025 - 17:36:17 - [INFO] - Opened URL https://www.regulations.gov/comment/NTIA-2023-0005-0352
11/08/2025 - 17:36:18 - [INFO] - Found attachments: []
11/08/2025 - 17:36:19 - [INFO] - Relevant abstract detected — saving as attachment 1/1
11/08/2025 - 17:36:19 - [INFO] - DOCX file saved as NTIA__CommentonFRDoc202307776__20230615__NTIA-2023-0005-0352.docx
11/08/2025 - 17:36:24 - [INFO] - Updated metadata.json for NTIA-2023-0005-0352
11/08/2025 - 17:36:24 - [INFO] - PDF file saved as NTIA__CommentonFRDoc202307776__20230615__NTIA-2023-0005-0352.pdf
11/08/2025 - 17:36:24 - [INFO] - Found 0 attachments
11/08/2025 - 17:36:25 - [INFO] - Opened URL https://www.regulations.gov/comment/NTIA-2023-0005-0442
11/08/2025 - 17:36:26 - [INFO] - Found attachments: []
11/08/2025 - 17:36:27 - [INFO] - Relevant abstract detected — saving as attachment 1/1
11/08/2025 - 17:36:27 - [INFO] - DOCX file saved as NTIA__CommentonFRDoc202307776__20230615__NTIA-2023-0005-0442.docx
11/08/2025 - 17:36:30 - [INFO] - Updated metadata.json for NTIA-2023-0005-0442
11/08/2025 - 17:36:30 - [INFO] - PDF file saved as NTIA__CommentonFRDoc202307776__20230615__NTIA-2023-0005-0442.pdf
11/08/2025 - 17:36:30 - [INFO] - Found 0 attachments
11/08/2025 - 17:36:31 - [INFO] - Scraping page 4...
11/08/2025 - 17:36:33 - [INFO] - Opened URL https://www.regulations.gov/comment/NTIA-2023-0005-0417
11/08/2025 - 17:36:33 - [INFO] - Found attachments: []
11/08/2025 - 17:36:35 - [INFO] - Relevant abstract detected — saving as attachment 1/1
11/08/2025 - 17:36:35 - [INFO] - DOCX file saved as NTIA__CommentonFRDoc202307776__20230615__NTIA-2023-0005-0417.docx
11/08/2025 - 17:36:40 - [INFO] - Updated metadata.json for NTIA-2023-0005-0417
11/08/2025 - 17:36:40 - [INFO] - PDF file saved as NTIA__CommentonFRDoc202307776__20230615__NTIA-2023-0005-0417.pdf
11/08/2025 - 17:36:40 - [INFO] - Found 0 attachments
11/08/2025 - 17:36:41 - [INFO] - Opened URL https://www.regulations.gov/comment/NTIA-2023-0005-0581
11/08/2025 - 17:36:42 - [INFO] - Found attachments: []
11/08/2025 - 17:36:43 - [INFO] - Relevant abstract detected — saving as attachment 1/1
11/08/2025 - 17:36:43 - [INFO] - DOCX file saved as NTIA__CommentonFRDoc202307776__20230615__NTIA-2023-0005-0581.docx
11/08/2025 - 17:36:45 - [INFO] - Updated metadata.json for NTIA-2023-0005-0581
11/08/2025 - 17:36:45 - [INFO] - PDF file saved as NTIA__CommentonFRDoc202307776__20230615__NTIA-2023-0005-0581.pdf
11/08/2025 - 17:36:45 - [INFO] - Found 0 attachments
11/08/2025 - 17:36:46 - [INFO] - Opened URL https://www.regulations.gov/comment/NTIA-2023-0005-0460
11/08/2025 - 17:36:47 - [INFO] - Found attachments: []
11/08/2025 - 17:36:49 - [INFO] - Relevant abstract detected — saving as attachment 1/1
11/08/2025 - 17:36:49 - [INFO] - DOCX file saved as NTIA__CommentonFRDoc202307776__20230615__NTIA-2023-0005-0460.docx
11/08/2025 - 17:36:55 - [INFO] - Updated metadata.json for NTIA-2023-0005-0460
11/08/2025 - 17:36:55 - [INFO] - PDF file saved as NTIA__CommentonFRDoc202307776__20230615__NTIA-2023-0005-0460.pdf
11/08/2025 - 17:36:55 - [INFO] - Found 0 attachments
11/08/2025 - 17:36:56 - [INFO] - Opened URL https://www.regulations.gov/comment/NTIA-2023-0005-0964
11/08/2025 - 17:36:57 - [INFO] - Found attachments: [<selenium.webdriver.remote.webelement.WebElement (session="7e2266d1e9254bd916bc7890e039b8b9", element="f.FBB826883D36A364912C5E2EF149BA34.d.04B1AFEB50F8BBB57D9176068A399EE9.e.12")>]
11/08/2025 - 17:36:57 - [INFO] - Found 1 attachments
11/08/2025 - 17:36:57 - [INFO] - Downloading attachment 1/1 from https://downloads.regulations.gov/NTIA-2023-0005-0964/attachment_1.pdf
11/08/2025 - 17:36:57 - [INFO] - Updated metadata.json for NTIA-2023-0005-0964
11/08/2025 - 17:36:57 - [INFO] - PDF file saved as NTIA__CommentonFRDoc202307776__20230615__NTIA-2023-0005-0964.pdf
11/08/2025 - 17:36:58 - [INFO] - Opened URL https://www.regulations.gov/comment/NTIA-2023-0005-0863
11/08/2025 - 17:36:59 - [INFO] - Found attachments: [<selenium.webdriver.remote.webelement.WebElement (session="7e2266d1e9254bd916bc7890e039b8b9", element="f.B0798225D26D3E3249A5F4B13109139D.d.6CB49D840EC494EECB02D2F8C632C45C.e.11")>]
11/08/2025 - 17:37:01 - [INFO] - Relevant abstract detected — saving as attachment 1/2
11/08/2025 - 17:37:02 - [INFO] - DOCX file saved as NTIA__CommentonFRDoc202307776__20230615__NTIA-2023-0005-0863_attachment1.docx
11/08/2025 - 17:37:06 - [INFO] - Updated metadata.json for NTIA-2023-0005-0863
11/08/2025 - 17:37:06 - [INFO] - PDF file saved as NTIA__CommentonFRDoc202307776__20230615__NTIA-2023-0005-0863_attachment1.pdf
11/08/2025 - 17:37:06 - [INFO] - Found 1 attachments
11/08/2025 - 17:37:06 - [INFO] - Downloading attachment 2/2 from https://downloads.regulations.gov/NTIA-2023-0005-0863/attachment_1.png
11/08/2025 - 17:37:07 - [INFO] - Updated metadata.json for NTIA-2023-0005-0863
11/08/2025 - 17:37:07 - [INFO] - PDF file saved as NTIA__CommentonFRDoc202307776__20230615__NTIA-2023-0005-0863_attachment2.png
11/08/2025 - 17:37:07 - [INFO] - Opened URL https://www.regulations.gov/comment/NTIA-2023-0005-0776
11/08/2025 - 17:37:08 - [INFO] - Found attachments: [<selenium.webdriver.remote.webelement.WebElement (session="7e2266d1e9254bd916bc7890e039b8b9", element="f.32BA0862083DC6D9F54570FDADA9F35F.d.EBFFAAB8DF640BFFAA2EA04CA90C672F.e.10")>]
11/08/2025 - 17:37:10 - [INFO] - Relevant abstract detected — saving as attachment 1/2
11/08/2025 - 17:37:10 - [INFO] - DOCX file saved as NTIA__CommentonFRDoc202307776__20230615__NTIA-2023-0005-0776_attachment1.docx
11/08/2025 - 17:37:13 - [INFO] - Updated metadata.json for NTIA-2023-0005-0776
11/08/2025 - 17:37:13 - [INFO] - PDF file saved as NTIA__CommentonFRDoc202307776__20230615__NTIA-2023-0005-0776_attachment1.pdf
11/08/2025 - 17:37:13 - [INFO] - Found 1 attachments
11/08/2025 - 17:37:13 - [INFO] - Downloading attachment 2/2 from https://downloads.regulations.gov/NTIA-2023-0005-0776/attachment_1.pdf
11/08/2025 - 17:37:14 - [INFO] - Updated metadata.json for NTIA-2023-0005-0776
11/08/2025 - 17:37:14 - [INFO] - PDF file saved as NTIA__CommentonFRDoc202307776__20230615__NTIA-2023-0005-0776_attachment2.pdf
11/08/2025 - 17:37:14 - [INFO] - Opened URL https://www.regulations.gov/comment/NTIA-2023-0005-0820
11/08/2025 - 17:37:15 - [INFO] - Found attachments: [<selenium.webdriver.remote.webelement.WebElement (session="7e2266d1e9254bd916bc7890e039b8b9", element="f.9377189E4AAED6366B1C2C024A309306.d.5036BE07E9E472F5AF443BA6764F9335.e.11")>]
11/08/2025 - 17:37:15 - [INFO] - Found 1 attachments
11/08/2025 - 17:37:15 - [INFO] - Downloading attachment 1/1 from https://downloads.regulations.gov/NTIA-2023-0005-0820/attachment_1.pdf
11/08/2025 - 17:37:16 - [INFO] - Updated metadata.json for NTIA-2023-0005-0820
11/08/2025 - 17:37:16 - [INFO] - PDF file saved as NTIA__CommentonFRDoc202307776__20230615__NTIA-2023-0005-0820.pdf
11/08/2025 - 17:37:16 - [INFO] - Opened URL https://www.regulations.gov/comment/NTIA-2023-0005-0874
11/08/2025 - 17:37:17 - [INFO] - Found attachments: [<selenium.webdriver.remote.webelement.WebElement (session="7e2266d1e9254bd916bc7890e039b8b9", element="f.DADBA9FCA71A81BB41DD25CEB32AB9C7.d.394C3C0C8443BD1ACCFF5C8A42CFD3C0.e.11")>]
11/08/2025 - 17:37:18 - [INFO] - Relevant abstract detected — saving as attachment 1/2
11/08/2025 - 17:37:18 - [INFO] - DOCX file saved as NTIA__CommentonFRDoc202307776__20230615__NTIA-2023-0005-0874_attachment1.docx
11/08/2025 - 17:37:23 - [INFO] - Updated metadata.json for NTIA-2023-0005-0874
11/08/2025 - 17:37:23 - [INFO] - PDF file saved as NTIA__CommentonFRDoc202307776__20230615__NTIA-2023-0005-0874_attachment1.pdf
11/08/2025 - 17:37:23 - [INFO] - Found 1 attachments
11/08/2025 - 17:37:23 - [INFO] - Downloading attachment 2/2 from https://downloads.regulations.gov/NTIA-2023-0005-0874/attachment_1.png
11/08/2025 - 17:37:23 - [INFO] - Updated metadata.json for NTIA-2023-0005-0874
11/08/2025 - 17:37:23 - [INFO] - PDF file saved as NTIA__CommentonFRDoc202307776__20230615__NTIA-2023-0005-0874_attachment2.png
11/08/2025 - 17:37:24 - [INFO] - Opened URL https://www.regulations.gov/comment/NTIA-2023-0005-0876
11/08/2025 - 17:37:26 - [INFO] - Found attachments: [<selenium.webdriver.remote.webelement.WebElement (session="7e2266d1e9254bd916bc7890e039b8b9", element="f.6D447BADE333AC7FF70612D801C54627.d.3F860ED9E94C7F6858AF530875A26225.e.12")>]
11/08/2025 - 17:37:26 - [INFO] - Found 1 attachments
11/08/2025 - 17:37:26 - [INFO] - Downloading attachment 1/1 from https://downloads.regulations.gov/NTIA-2023-0005-0876/attachment_1.pdf
11/08/2025 - 17:37:26 - [INFO] - Updated metadata.json for NTIA-2023-0005-0876
11/08/2025 - 17:37:26 - [INFO] - PDF file saved as NTIA__CommentonFRDoc202307776__20230615__NTIA-2023-0005-0876.pdf
11/08/2025 - 17:37:27 - [INFO] - Opened URL https://www.regulations.gov/comment/NTIA-2023-0005-1068
11/08/2025 - 17:37:28 - [INFO] - Found attachments: [<selenium.webdriver.remote.webelement.WebElement (session="7e2266d1e9254bd916bc7890e039b8b9", element="f.476F46A0D75BAFEA2F9A6DF23B605366.d.8EFC8280FD865E95E5C75F0AAD810E5B.e.11")>]
11/08/2025 - 17:37:28 - [INFO] - Found 1 attachments
11/08/2025 - 17:37:28 - [INFO] - Downloading attachment 1/1 from https://downloads.regulations.gov/NTIA-2023-0005-1068/attachment_1.pdf
11/08/2025 - 17:37:28 - [INFO] - Updated metadata.json for NTIA-2023-0005-1068
11/08/2025 - 17:37:28 - [INFO] - PDF file saved as NTIA__CommentonFRDoc202307776__20230615__NTIA-2023-0005-1068.pdf
11/08/2025 - 17:37:29 - [INFO] - Opened URL https://www.regulations.gov/comment/NTIA-2023-0005-0864
11/08/2025 - 17:37:30 - [INFO] - Found attachments: [<selenium.webdriver.remote.webelement.WebElement (session="7e2266d1e9254bd916bc7890e039b8b9", element="f.3FF5513EB149A87609D910F2E787BE82.d.3923B01481D5390416010E1355017F9C.e.11")>]
11/08/2025 - 17:37:31 - [INFO] - Relevant abstract detected — saving as attachment 1/2
11/08/2025 - 17:37:31 - [INFO] - DOCX file saved as NTIA__CommentonFRDoc202307776__20230615__NTIA-2023-0005-0864_attachment1.docx
11/08/2025 - 17:37:36 - [INFO] - Updated metadata.json for NTIA-2023-0005-0864
11/08/2025 - 17:37:36 - [INFO] - PDF file saved as NTIA__CommentonFRDoc202307776__20230615__NTIA-2023-0005-0864_attachment1.pdf
11/08/2025 - 17:37:36 - [INFO] - Found 1 attachments
11/08/2025 - 17:37:36 - [INFO] - Downloading attachment 2/2 from https://downloads.regulations.gov/NTIA-2023-0005-0864/attachment_1.pdf
11/08/2025 - 17:37:36 - [INFO] - Updated metadata.json for NTIA-2023-0005-0864
11/08/2025 - 17:37:36 - [INFO] - PDF file saved as NTIA__CommentonFRDoc202307776__20230615__NTIA-2023-0005-0864_attachment2.pdf
11/08/2025 - 17:37:37 - [INFO] - Opened URL https://www.regulations.gov/comment/NTIA-2023-0005-0852
11/08/2025 - 17:37:38 - [INFO] - Found attachments: [<selenium.webdriver.remote.webelement.WebElement (session="7e2266d1e9254bd916bc7890e039b8b9", element="f.0C802488AC819178CD91F580A7B68BF8.d.48D521A8CCF23D711D3BC4FE0EC4DA7A.e.12")>]
11/08/2025 - 17:37:38 - [INFO] - Found 1 attachments
11/08/2025 - 17:37:38 - [INFO] - Downloading attachment 1/1 from https://downloads.regulations.gov/NTIA-2023-0005-0852/attachment_1.pdf
11/08/2025 - 17:37:38 - [INFO] - Updated metadata.json for NTIA-2023-0005-0852
11/08/2025 - 17:37:38 - [INFO] - PDF file saved as NTIA__CommentonFRDoc202307776__20230615__NTIA-2023-0005-0852.pdf
11/08/2025 - 17:37:39 - [INFO] - Opened URL https://www.regulations.gov/comment/NTIA-2023-0005-0897
11/08/2025 - 17:37:40 - [INFO] - Found attachments: [<selenium.webdriver.remote.webelement.WebElement (session="7e2266d1e9254bd916bc7890e039b8b9", element="f.4403F827BADB8897B33BBF76230C99AE.d.A1C2FFBC7D3C7515ADC6C5222E0DEBED.e.12")>]
11/08/2025 - 17:37:40 - [INFO] - Found 1 attachments
11/08/2025 - 17:37:40 - [INFO] - Downloading attachment 1/1 from https://downloads.regulations.gov/NTIA-2023-0005-0897/attachment_1.pdf
11/08/2025 - 17:37:41 - [INFO] - Updated metadata.json for NTIA-2023-0005-0897
11/08/2025 - 17:37:41 - [INFO] - PDF file saved as NTIA__CommentonFRDoc202307776__20230615__NTIA-2023-0005-0897.pdf
11/08/2025 - 17:37:41 - [INFO] - Opened URL https://www.regulations.gov/comment/NTIA-2023-0005-0759
11/08/2025 - 17:37:42 - [INFO] - Found attachments: [<selenium.webdriver.remote.webelement.WebElement (session="7e2266d1e9254bd916bc7890e039b8b9", element="f.53B179C7B28CF40E3F66C7548F43247F.d.90392F100B03B58A53936F1877A5CEBF.e.12")>]
11/08/2025 - 17:37:43 - [INFO] - Found 1 attachments
11/08/2025 - 17:37:43 - [INFO] - Downloading attachment 1/1 from https://downloads.regulations.gov/NTIA-2023-0005-0759/attachment_1.pdf
11/08/2025 - 17:37:44 - [INFO] - Updated metadata.json for NTIA-2023-0005-0759
11/08/2025 - 17:37:44 - [INFO] - PDF file saved as NTIA__CommentonFRDoc202307776__20230615__NTIA-2023-0005-0759.pdf
11/08/2025 - 17:37:45 - [INFO] - Opened URL https://www.regulations.gov/comment/NTIA-2023-0005-1413
11/08/2025 - 17:37:46 - [INFO] - Found attachments: [<selenium.webdriver.remote.webelement.WebElement (session="7e2266d1e9254bd916bc7890e039b8b9", element="f.1064AA2FA39C491DDC9A193C119B86D2.d.096718C464C9FA41AF2F461D2C36DEBD.e.11")>]
11/08/2025 - 17:37:46 - [INFO] - Found 1 attachments
11/08/2025 - 17:37:46 - [INFO] - Downloading attachment 1/1 from https://downloads.regulations.gov/NTIA-2023-0005-1413/attachment_1.pdf
11/08/2025 - 17:37:46 - [INFO] - Updated metadata.json for NTIA-2023-0005-1413
11/08/2025 - 17:37:46 - [INFO] - PDF file saved as NTIA__CommentonFRDoc202307776__20230615__NTIA-2023-0005-1413.pdf
11/08/2025 - 17:37:46 - [INFO] - Opened URL https://www.regulations.gov/comment/NTIA-2023-0005-1171
11/08/2025 - 17:37:48 - [INFO] - Found attachments: []
11/08/2025 - 17:37:48 - [INFO] - Relevant abstract detected — saving as attachment 1/1
11/08/2025 - 17:37:48 - [INFO] - DOCX file saved as NTIA__CommentonFRDoc202307776__20230615__NTIA-2023-0005-1171.docx
11/08/2025 - 17:37:53 - [INFO] - Updated metadata.json for NTIA-2023-0005-1171
11/08/2025 - 17:37:53 - [INFO] - PDF file saved as NTIA__CommentonFRDoc202307776__20230615__NTIA-2023-0005-1171.pdf
11/08/2025 - 17:37:53 - [INFO] - Found 0 attachments
11/08/2025 - 17:37:54 - [INFO] - Opened URL https://www.regulations.gov/comment/NTIA-2023-0005-1115
11/08/2025 - 17:37:55 - [INFO] - Found attachments: []
11/08/2025 - 17:37:55 - [INFO] - Found 0 attachments
11/08/2025 - 17:37:55 - [WARNING] - No PDF attachments found.
11/08/2025 - 17:37:56 - [INFO] - Opened URL https://www.regulations.gov/comment/NTIA-2023-0005-1118
11/08/2025 - 17:37:57 - [INFO] - Found attachments: []
11/08/2025 - 17:37:58 - [INFO] - Relevant abstract detected — saving as attachment 1/1
11/08/2025 - 17:37:58 - [INFO] - DOCX file saved as NTIA__CommentonFRDoc202307776__20230615__NTIA-2023-0005-1118.docx
11/08/2025 - 17:38:03 - [INFO] - Updated metadata.json for NTIA-2023-0005-1118
11/08/2025 - 17:38:03 - [INFO] - PDF file saved as NTIA__CommentonFRDoc202307776__20230615__NTIA-2023-0005-1118.pdf
11/08/2025 - 17:38:03 - [INFO] - Found 0 attachments
11/08/2025 - 17:38:03 - [INFO] - Opened URL https://www.regulations.gov/comment/NTIA-2023-0005-1201
11/08/2025 - 17:38:04 - [INFO] - Found attachments: []
11/08/2025 - 17:38:04 - [INFO] - Found 0 attachments
11/08/2025 - 17:38:04 - [WARNING] - No PDF attachments found.
11/08/2025 - 17:38:05 - [INFO] - Opened URL https://www.regulations.gov/comment/NTIA-2023-0005-1230
11/08/2025 - 17:38:06 - [INFO] - Found attachments: []
11/08/2025 - 17:38:07 - [INFO] - Relevant abstract detected — saving as attachment 1/1
11/08/2025 - 17:38:07 - [INFO] - DOCX file saved as NTIA__CommentonFRDoc202307776__20230615__NTIA-2023-0005-1230.docx
11/08/2025 - 17:38:12 - [INFO] - Updated metadata.json for NTIA-2023-0005-1230
11/08/2025 - 17:38:12 - [INFO] - PDF file saved as NTIA__CommentonFRDoc202307776__20230615__NTIA-2023-0005-1230.pdf
11/08/2025 - 17:38:12 - [INFO] - Found 0 attachments
11/08/2025 - 17:38:13 - [INFO] - Opened URL https://www.regulations.gov/comment/NTIA-2023-0005-1243
11/08/2025 - 17:38:14 - [INFO] - Found attachments: []
11/08/2025 - 17:38:15 - [INFO] - Relevant abstract detected — saving as attachment 1/1
11/08/2025 - 17:38:15 - [INFO] - DOCX file saved as NTIA__CommentonFRDoc202307776__20230615__NTIA-2023-0005-1243.docx
11/08/2025 - 17:38:20 - [INFO] - Updated metadata.json for NTIA-2023-0005-1243
11/08/2025 - 17:38:20 - [INFO] - PDF file saved as NTIA__CommentonFRDoc202307776__20230615__NTIA-2023-0005-1243.pdf
11/08/2025 - 17:38:20 - [INFO] - Found 0 attachments
11/08/2025 - 17:38:21 - [INFO] - Opened URL https://www.regulations.gov/comment/NTIA-2023-0005-1122
11/08/2025 - 17:38:22 - [INFO] - Found attachments: []
11/08/2025 - 17:38:24 - [INFO] - Relevant abstract detected — saving as attachment 1/1
11/08/2025 - 17:38:24 - [INFO] - DOCX file saved as NTIA__CommentonFRDoc202307776__20230615__NTIA-2023-0005-1122.docx
11/08/2025 - 17:38:29 - [INFO] - Updated metadata.json for NTIA-2023-0005-1122
11/08/2025 - 17:38:29 - [INFO] - PDF file saved as NTIA__CommentonFRDoc202307776__20230615__NTIA-2023-0005-1122.pdf
11/08/2025 - 17:38:29 - [INFO] - Found 0 attachments
11/08/2025 - 17:38:30 - [INFO] - Opened URL https://www.regulations.gov/comment/NTIA-2023-0005-1141
11/08/2025 - 17:38:31 - [INFO] - Found attachments: []
11/08/2025 - 17:38:32 - [INFO] - Relevant abstract detected — saving as attachment 1/1
11/08/2025 - 17:38:32 - [INFO] - DOCX file saved as NTIA__CommentonFRDoc202307776__20230615__NTIA-2023-0005-1141.docx
11/08/2025 - 17:38:37 - [INFO] - Updated metadata.json for NTIA-2023-0005-1141
11/08/2025 - 17:38:37 - [INFO] - PDF file saved as NTIA__CommentonFRDoc202307776__20230615__NTIA-2023-0005-1141.pdf
11/08/2025 - 17:38:37 - [INFO] - Found 0 attachments
11/08/2025 - 17:38:38 - [INFO] - Opened URL https://www.regulations.gov/comment/NTIA-2023-0005-1147
11/08/2025 - 17:38:39 - [INFO] - Found attachments: []
11/08/2025 - 17:38:40 - [INFO] - Relevant abstract detected — saving as attachment 1/1
11/08/2025 - 17:38:40 - [INFO] - DOCX file saved as NTIA__CommentonFRDoc202307776__20230615__NTIA-2023-0005-1147.docx
11/08/2025 - 17:38:43 - [INFO] - Updated metadata.json for NTIA-2023-0005-1147
11/08/2025 - 17:38:43 - [INFO] - PDF file saved as NTIA__CommentonFRDoc202307776__20230615__NTIA-2023-0005-1147.pdf
11/08/2025 - 17:38:43 - [INFO] - Found 0 attachments
11/08/2025 - 17:38:44 - [INFO] - Opened URL https://www.regulations.gov/comment/NTIA-2023-0005-1148
11/08/2025 - 17:38:45 - [INFO] - Found attachments: []
11/08/2025 - 17:38:46 - [INFO] - Relevant abstract detected — saving as attachment 1/1
11/08/2025 - 17:38:46 - [INFO] - DOCX file saved as NTIA__CommentonFRDoc202307776__20230615__NTIA-2023-0005-1148.docx
11/08/2025 - 17:38:51 - [INFO] - Updated metadata.json for NTIA-2023-0005-1148
11/08/2025 - 17:38:51 - [INFO] - PDF file saved as NTIA__CommentonFRDoc202307776__20230615__NTIA-2023-0005-1148.pdf
11/08/2025 - 17:38:51 - [INFO] - Found 0 attachments
11/08/2025 - 17:38:51 - [INFO] - Scraping page 5...
11/08/2025 - 17:38:53 - [INFO] - Opened URL https://www.regulations.gov/comment/NTIA-2023-0005-1149
11/08/2025 - 17:38:54 - [INFO] - Found attachments: []
11/08/2025 - 17:38:55 - [INFO] - Relevant abstract detected — saving as attachment 1/1
11/08/2025 - 17:38:55 - [INFO] - DOCX file saved as NTIA__CommentonFRDoc202307776__20230615__NTIA-2023-0005-1149.docx
11/08/2025 - 17:39:00 - [INFO] - Updated metadata.json for NTIA-2023-0005-1149
11/08/2025 - 17:39:00 - [INFO] - PDF file saved as NTIA__CommentonFRDoc202307776__20230615__NTIA-2023-0005-1149.pdf
11/08/2025 - 17:39:00 - [INFO] - Found 0 attachments
11/08/2025 - 17:39:01 - [INFO] - Opened URL https://www.regulations.gov/comment/NTIA-2023-0005-1131
11/08/2025 - 17:39:02 - [INFO] - Found attachments: []
11/08/2025 - 17:39:03 - [INFO] - Relevant abstract detected — saving as attachment 1/1
11/08/2025 - 17:39:03 - [INFO] - DOCX file saved as NTIA__CommentonFRDoc202307776__20230615__NTIA-2023-0005-1131.docx
11/08/2025 - 17:39:08 - [INFO] - Updated metadata.json for NTIA-2023-0005-1131
11/08/2025 - 17:39:08 - [INFO] - PDF file saved as NTIA__CommentonFRDoc202307776__20230615__NTIA-2023-0005-1131.pdf
11/08/2025 - 17:39:08 - [INFO] - Found 0 attachments
11/08/2025 - 17:39:09 - [INFO] - Opened URL https://www.regulations.gov/comment/NTIA-2023-0005-1155
11/08/2025 - 17:39:10 - [INFO] - Found attachments: []
11/08/2025 - 17:39:10 - [INFO] - Found 0 attachments
11/08/2025 - 17:39:10 - [WARNING] - No PDF attachments found.
11/08/2025 - 17:39:10 - [INFO] - Opened URL https://www.regulations.gov/comment/NTIA-2023-0005-1134
11/08/2025 - 17:39:12 - [INFO] - Found attachments: []
11/08/2025 - 17:39:13 - [INFO] - Relevant abstract detected — saving as attachment 1/1
11/08/2025 - 17:39:13 - [INFO] - DOCX file saved as NTIA__CommentonFRDoc202307776__20230615__NTIA-2023-0005-1134.docx
11/08/2025 - 17:39:16 - [INFO] - Updated metadata.json for NTIA-2023-0005-1134
11/08/2025 - 17:39:16 - [INFO] - PDF file saved as NTIA__CommentonFRDoc202307776__20230615__NTIA-2023-0005-1134.pdf
11/08/2025 - 17:39:16 - [INFO] - Found 0 attachments
11/08/2025 - 17:39:17 - [INFO] - Opened URL https://www.regulations.gov/comment/NTIA-2023-0005-1253
11/08/2025 - 17:39:18 - [INFO] - Found attachments: []
11/08/2025 - 17:39:19 - [INFO] - Relevant abstract detected — saving as attachment 1/1
11/08/2025 - 17:39:19 - [INFO] - DOCX file saved as NTIA__CommentonFRDoc202307776__20230615__NTIA-2023-0005-1253.docx
11/08/2025 - 17:39:22 - [INFO] - Updated metadata.json for NTIA-2023-0005-1253
11/08/2025 - 17:39:22 - [INFO] - PDF file saved as NTIA__CommentonFRDoc202307776__20230615__NTIA-2023-0005-1253.pdf
11/08/2025 - 17:39:22 - [INFO] - Found 0 attachments
11/08/2025 - 17:39:23 - [INFO] - Opened URL https://www.regulations.gov/comment/NTIA-2023-0005-1255
11/08/2025 - 17:39:24 - [INFO] - Found attachments: []
11/08/2025 - 17:39:24 - [INFO] - Relevant abstract detected — saving as attachment 1/1
11/08/2025 - 17:39:24 - [INFO] - DOCX file saved as NTIA__CommentonFRDoc202307776__20230615__NTIA-2023-0005-1255.docx
11/08/2025 - 17:39:28 - [INFO] - Updated metadata.json for NTIA-2023-0005-1255
11/08/2025 - 17:39:28 - [INFO] - PDF file saved as NTIA__CommentonFRDoc202307776__20230615__NTIA-2023-0005-1255.pdf
11/08/2025 - 17:39:28 - [INFO] - Found 0 attachments
11/08/2025 - 17:39:29 - [INFO] - Opened URL https://www.regulations.gov/comment/NTIA-2023-0005-1258
11/08/2025 - 17:39:30 - [INFO] - Found attachments: []
11/08/2025 - 17:39:31 - [INFO] - Relevant abstract detected — saving as attachment 1/1
11/08/2025 - 17:39:31 - [INFO] - DOCX file saved as NTIA__CommentonFRDoc202307776__20230615__NTIA-2023-0005-1258.docx
11/08/2025 - 17:39:36 - [INFO] - Updated metadata.json for NTIA-2023-0005-1258
11/08/2025 - 17:39:36 - [INFO] - PDF file saved as NTIA__CommentonFRDoc202307776__20230615__NTIA-2023-0005-1258.pdf
11/08/2025 - 17:39:36 - [INFO] - Found 0 attachments
11/08/2025 - 17:39:37 - [INFO] - Opened URL https://www.regulations.gov/comment/NTIA-2023-0005-1315
11/08/2025 - 17:39:38 - [INFO] - Found attachments: []
11/08/2025 - 17:39:39 - [INFO] - Relevant abstract detected — saving as attachment 1/1
11/08/2025 - 17:39:39 - [INFO] - DOCX file saved as NTIA__CommentonFRDoc202307776__20230615__NTIA-2023-0005-1315.docx
11/08/2025 - 17:39:43 - [INFO] - Updated metadata.json for NTIA-2023-0005-1315
11/08/2025 - 17:39:43 - [INFO] - PDF file saved as NTIA__CommentonFRDoc202307776__20230615__NTIA-2023-0005-1315.pdf
11/08/2025 - 17:39:43 - [INFO] - Found 0 attachments
11/08/2025 - 17:39:44 - [INFO] - Opened URL https://www.regulations.gov/comment/NTIA-2023-0005-1319
11/08/2025 - 17:39:45 - [INFO] - Found attachments: []
11/08/2025 - 17:39:45 - [INFO] - Found 0 attachments
11/08/2025 - 17:39:45 - [WARNING] - No PDF attachments found.
11/08/2025 - 17:39:46 - [INFO] - Opened URL https://www.regulations.gov/comment/NTIA-2023-0005-1321
11/08/2025 - 17:39:47 - [INFO] - Found attachments: []
11/08/2025 - 17:39:47 - [INFO] - Found 0 attachments
11/08/2025 - 17:39:47 - [WARNING] - No PDF attachments found.
11/08/2025 - 17:39:48 - [INFO] - Opened URL https://www.regulations.gov/comment/NTIA-2023-0005-1335
11/08/2025 - 17:39:49 - [INFO] - Found attachments: []
11/08/2025 - 17:39:50 - [INFO] - Relevant abstract detected — saving as attachment 1/1
11/08/2025 - 17:39:50 - [INFO] - DOCX file saved as NTIA__CommentonFRDoc202307776__20230615__NTIA-2023-0005-1335.docx
11/08/2025 - 17:39:55 - [INFO] - Updated metadata.json for NTIA-2023-0005-1335
11/08/2025 - 17:39:55 - [INFO] - PDF file saved as NTIA__CommentonFRDoc202307776__20230615__NTIA-2023-0005-1335.pdf
11/08/2025 - 17:39:55 - [INFO] - Found 0 attachments
11/08/2025 - 17:39:56 - [INFO] - Opened URL https://www.regulations.gov/comment/NTIA-2023-0005-1269
11/08/2025 - 17:39:57 - [INFO] - Found attachments: []
11/08/2025 - 17:39:59 - [INFO] - Relevant abstract detected — saving as attachment 1/1
11/08/2025 - 17:39:59 - [INFO] - DOCX file saved as NTIA__CommentonFRDoc202307776__20230615__NTIA-2023-0005-1269.docx
11/08/2025 - 17:40:03 - [INFO] - Updated metadata.json for NTIA-2023-0005-1269
11/08/2025 - 17:40:03 - [INFO] - PDF file saved as NTIA__CommentonFRDoc202307776__20230615__NTIA-2023-0005-1269.pdf
11/08/2025 - 17:40:03 - [INFO] - Found 0 attachments
11/08/2025 - 17:40:04 - [INFO] - Opened URL https://www.regulations.gov/comment/NTIA-2023-0005-1326
11/08/2025 - 17:40:05 - [INFO] - Found attachments: []
11/08/2025 - 17:40:05 - [INFO] - Found 0 attachments
11/08/2025 - 17:40:05 - [WARNING] - No PDF attachments found.
11/08/2025 - 17:40:06 - [INFO] - Opened URL https://www.regulations.gov/comment/NTIA-2023-0005-1332
11/08/2025 - 17:40:07 - [INFO] - Found attachments: []
11/08/2025 - 17:40:07 - [INFO] - Found 0 attachments
11/08/2025 - 17:40:07 - [WARNING] - No PDF attachments found.
11/08/2025 - 17:40:08 - [INFO] - Opened URL https://www.regulations.gov/comment/NTIA-2023-0005-1313
11/08/2025 - 17:40:09 - [INFO] - Found attachments: []
11/08/2025 - 17:40:10 - [INFO] - Relevant abstract detected — saving as attachment 1/1
11/08/2025 - 17:40:10 - [INFO] - DOCX file saved as NTIA__CommentonFRDoc202307776__20230615__NTIA-2023-0005-1313.docx
11/08/2025 - 17:40:16 - [INFO] - Updated metadata.json for NTIA-2023-0005-1313
11/08/2025 - 17:40:16 - [INFO] - PDF file saved as NTIA__CommentonFRDoc202307776__20230615__NTIA-2023-0005-1313.pdf
11/08/2025 - 17:40:16 - [INFO] - Found 0 attachments
11/08/2025 - 17:40:16 - [INFO] - Opened URL https://www.regulations.gov/comment/NTIA-2023-0005-1310
11/08/2025 - 17:40:17 - [INFO] - Found attachments: []
11/08/2025 - 17:40:19 - [INFO] - Relevant abstract detected — saving as attachment 1/1
11/08/2025 - 17:40:19 - [INFO] - DOCX file saved as NTIA__CommentonFRDoc202307776__20230615__NTIA-2023-0005-1310.docx
11/08/2025 - 17:40:22 - [INFO] - Updated metadata.json for NTIA-2023-0005-1310
11/08/2025 - 17:40:22 - [INFO] - PDF file saved as NTIA__CommentonFRDoc202307776__20230615__NTIA-2023-0005-1310.pdf
11/08/2025 - 17:40:22 - [INFO] - Found 0 attachments
11/08/2025 - 17:40:22 - [INFO] - Opened URL https://www.regulations.gov/comment/NTIA-2023-0005-1340
11/08/2025 - 17:40:23 - [INFO] - Found attachments: []
11/08/2025 - 17:40:24 - [INFO] - Relevant abstract detected — saving as attachment 1/1
11/08/2025 - 17:40:24 - [INFO] - DOCX file saved as NTIA__CommentonFRDoc202307776__20230615__NTIA-2023-0005-1340.docx
11/08/2025 - 17:40:28 - [INFO] - Updated metadata.json for NTIA-2023-0005-1340
11/08/2025 - 17:40:28 - [INFO] - PDF file saved as NTIA__CommentonFRDoc202307776__20230615__NTIA-2023-0005-1340.pdf
11/08/2025 - 17:40:28 - [INFO] - Found 0 attachments
11/08/2025 - 17:40:29 - [INFO] - Opened URL https://www.regulations.gov/comment/NTIA-2023-0005-1420
11/08/2025 - 17:40:30 - [INFO] - Found attachments: []
11/08/2025 - 17:40:31 - [INFO] - Relevant abstract detected — saving as attachment 1/1
11/08/2025 - 17:40:31 - [INFO] - DOCX file saved as NTIA__CommentonFRDoc202307776__20230615__NTIA-2023-0005-1420.docx
11/08/2025 - 17:40:34 - [INFO] - Updated metadata.json for NTIA-2023-0005-1420
11/08/2025 - 17:40:34 - [INFO] - PDF file saved as NTIA__CommentonFRDoc202307776__20230615__NTIA-2023-0005-1420.pdf
11/08/2025 - 17:40:34 - [INFO] - Found 0 attachments
11/08/2025 - 17:40:35 - [INFO] - Opened URL https://www.regulations.gov/comment/NTIA-2023-0005-1422
11/08/2025 - 17:40:36 - [INFO] - Found attachments: []
11/08/2025 - 17:40:37 - [INFO] - Relevant abstract detected — saving as attachment 1/1
11/08/2025 - 17:40:37 - [INFO] - DOCX file saved as NTIA__CommentonFRDoc202307776__20230615__NTIA-2023-0005-1422.docx
11/08/2025 - 17:40:42 - [INFO] - Updated metadata.json for NTIA-2023-0005-1422
11/08/2025 - 17:40:42 - [INFO] - PDF file saved as NTIA__CommentonFRDoc202307776__20230615__NTIA-2023-0005-1422.pdf
11/08/2025 - 17:40:42 - [INFO] - Found 0 attachments
11/08/2025 - 17:40:43 - [INFO] - Opened URL https://www.regulations.gov/comment/NTIA-2023-0005-1428
11/08/2025 - 17:40:44 - [INFO] - Found attachments: []
11/08/2025 - 17:40:45 - [INFO] - Relevant abstract detected — saving as attachment 1/1
11/08/2025 - 17:40:45 - [INFO] - DOCX file saved as NTIA__CommentonFRDoc202307776__20230615__NTIA-2023-0005-1428.docx
11/08/2025 - 17:40:49 - [INFO] - Updated metadata.json for NTIA-2023-0005-1428
11/08/2025 - 17:40:49 - [INFO] - PDF file saved as NTIA__CommentonFRDoc202307776__20230615__NTIA-2023-0005-1428.pdf
11/08/2025 - 17:40:49 - [INFO] - Found 0 attachments
11/08/2025 - 17:40:50 - [INFO] - Opened URL https://www.regulations.gov/comment/NTIA-2023-0005-1429
11/08/2025 - 17:40:51 - [INFO] - Found attachments: []
11/08/2025 - 17:40:53 - [INFO] - Relevant abstract detected — saving as attachment 1/1
11/08/2025 - 17:40:53 - [INFO] - DOCX file saved as NTIA__CommentonFRDoc202307776__20230615__NTIA-2023-0005-1429.docx
11/08/2025 - 17:40:58 - [INFO] - Updated metadata.json for NTIA-2023-0005-1429
11/08/2025 - 17:40:58 - [INFO] - PDF file saved as NTIA__CommentonFRDoc202307776__20230615__NTIA-2023-0005-1429.pdf
11/08/2025 - 17:40:58 - [INFO] - Found 0 attachments
11/08/2025 - 17:40:58 - [INFO] - Opened URL https://www.regulations.gov/comment/NTIA-2023-0005-1433
11/08/2025 - 17:40:59 - [INFO] - Found attachments: []
11/08/2025 - 17:41:00 - [INFO] - Relevant abstract detected — saving as attachment 1/1
11/08/2025 - 17:41:00 - [INFO] - DOCX file saved as NTIA__CommentonFRDoc202307776__20230615__NTIA-2023-0005-1433.docx
11/08/2025 - 17:41:04 - [INFO] - Updated metadata.json for NTIA-2023-0005-1433
11/08/2025 - 17:41:04 - [INFO] - PDF file saved as NTIA__CommentonFRDoc202307776__20230615__NTIA-2023-0005-1433.pdf
11/08/2025 - 17:41:04 - [INFO] - Found 0 attachments
11/08/2025 - 17:41:05 - [INFO] - Opened URL https://www.regulations.gov/comment/NTIA-2023-0005-1374
11/08/2025 - 17:41:06 - [INFO] - Found attachments: []
11/08/2025 - 17:41:07 - [INFO] - Relevant abstract detected — saving as attachment 1/1
11/08/2025 - 17:41:07 - [INFO] - DOCX file saved as NTIA__CommentonFRDoc202307776__20230615__NTIA-2023-0005-1374.docx
11/08/2025 - 17:41:12 - [INFO] - Updated metadata.json for NTIA-2023-0005-1374
11/08/2025 - 17:41:12 - [INFO] - PDF file saved as NTIA__CommentonFRDoc202307776__20230615__NTIA-2023-0005-1374.pdf
11/08/2025 - 17:41:12 - [INFO] - Found 0 attachments
11/08/2025 - 17:41:13 - [INFO] - Opened URL https://www.regulations.gov/comment/NTIA-2023-0005-1377
11/08/2025 - 17:41:14 - [INFO] - Found attachments: []
11/08/2025 - 17:41:15 - [INFO] - Relevant abstract detected — saving as attachment 1/1
11/08/2025 - 17:41:15 - [INFO] - DOCX file saved as NTIA__CommentonFRDoc202307776__20230615__NTIA-2023-0005-1377.docx
11/08/2025 - 17:41:20 - [INFO] - Updated metadata.json for NTIA-2023-0005-1377
11/08/2025 - 17:41:20 - [INFO] - PDF file saved as NTIA__CommentonFRDoc202307776__20230615__NTIA-2023-0005-1377.pdf
11/08/2025 - 17:41:20 - [INFO] - Found 0 attachments
11/08/2025 - 17:41:21 - [INFO] - Opened URL https://www.regulations.gov/comment/NTIA-2023-0005-1408
11/08/2025 - 17:41:22 - [INFO] - Found attachments: []
11/08/2025 - 17:41:23 - [INFO] - Relevant abstract detected — saving as attachment 1/1
11/08/2025 - 17:41:23 - [INFO] - DOCX file saved as NTIA__CommentonFRDoc202307776__20230615__NTIA-2023-0005-1408.docx
11/08/2025 - 17:41:28 - [INFO] - Updated metadata.json for NTIA-2023-0005-1408
11/08/2025 - 17:41:28 - [INFO] - PDF file saved as NTIA__CommentonFRDoc202307776__20230615__NTIA-2023-0005-1408.pdf
11/08/2025 - 17:41:28 - [INFO] - Found 0 attachments
11/08/2025 - 17:41:28 - [INFO] - Scraping page 6...
11/08/2025 - 17:41:30 - [INFO] - Opened URL https://www.regulations.gov/comment/NTIA-2023-0005-1382
11/08/2025 - 17:41:31 - [INFO] - Found attachments: []
11/08/2025 - 17:41:31 - [INFO] - Found 0 attachments
11/08/2025 - 17:41:31 - [WARNING] - No PDF attachments found.
11/08/2025 - 17:41:32 - [INFO] - Opened URL https://www.regulations.gov/comment/NTIA-2023-0005-1386
11/08/2025 - 17:41:33 - [INFO] - Found attachments: []
11/08/2025 - 17:41:34 - [INFO] - Relevant abstract detected — saving as attachment 1/1
11/08/2025 - 17:41:34 - [INFO] - DOCX file saved as NTIA__CommentonFRDoc202307776__20230615__NTIA-2023-0005-1386.docx
11/08/2025 - 17:41:37 - [INFO] - Updated metadata.json for NTIA-2023-0005-1386
11/08/2025 - 17:41:37 - [INFO] - PDF file saved as NTIA__CommentonFRDoc202307776__20230615__NTIA-2023-0005-1386.pdf
11/08/2025 - 17:41:37 - [INFO] - Found 0 attachments
11/08/2025 - 17:41:38 - [INFO] - Opened URL https://www.regulations.gov/comment/NTIA-2023-0005-1410
11/08/2025 - 17:41:39 - [INFO] - Found attachments: []
11/08/2025 - 17:41:40 - [INFO] - Relevant abstract detected — saving as attachment 1/1
11/08/2025 - 17:41:40 - [INFO] - DOCX file saved as NTIA__CommentonFRDoc202307776__20230615__NTIA-2023-0005-1410.docx
11/08/2025 - 17:41:45 - [INFO] - Updated metadata.json for NTIA-2023-0005-1410
11/08/2025 - 17:41:45 - [INFO] - PDF file saved as NTIA__CommentonFRDoc202307776__20230615__NTIA-2023-0005-1410.pdf
11/08/2025 - 17:41:45 - [INFO] - Found 0 attachments
11/08/2025 - 17:41:46 - [INFO] - Opened URL https://www.regulations.gov/comment/NTIA-2023-0005-1399
11/08/2025 - 17:41:47 - [INFO] - Found attachments: []
11/08/2025 - 17:41:53 - [INFO] - Relevant abstract detected — saving as attachment 1/1
11/08/2025 - 17:41:53 - [INFO] - DOCX file saved as NTIA__CommentonFRDoc202307776__20230615__NTIA-2023-0005-1399.docx
11/08/2025 - 17:41:55 - [INFO] - Updated metadata.json for NTIA-2023-0005-1399
11/08/2025 - 17:41:55 - [INFO] - PDF file saved as NTIA__CommentonFRDoc202307776__20230615__NTIA-2023-0005-1399.pdf
11/08/2025 - 17:41:55 - [INFO] - Found 0 attachments
11/08/2025 - 17:41:56 - [INFO] - Opened URL https://www.regulations.gov/comment/NTIA-2023-0005-1178
11/08/2025 - 17:41:57 - [INFO] - Found attachments: []
11/08/2025 - 17:41:58 - [INFO] - Relevant abstract detected — saving as attachment 1/1
11/08/2025 - 17:41:58 - [INFO] - DOCX file saved as NTIA__CommentonFRDoc202307776__20230615__NTIA-2023-0005-1178.docx
11/08/2025 - 17:42:03 - [INFO] - Updated metadata.json for NTIA-2023-0005-1178
11/08/2025 - 17:42:03 - [INFO] - PDF file saved as NTIA__CommentonFRDoc202307776__20230615__NTIA-2023-0005-1178.pdf
11/08/2025 - 17:42:03 - [INFO] - Found 0 attachments
11/08/2025 - 17:42:04 - [INFO] - Opened URL https://www.regulations.gov/comment/NTIA-2023-0005-1112
11/08/2025 - 17:42:05 - [INFO] - Found attachments: []
11/08/2025 - 17:42:06 - [INFO] - Relevant abstract detected — saving as attachment 1/1
11/08/2025 - 17:42:06 - [INFO] - DOCX file saved as NTIA__CommentonFRDoc202307776__20230615__NTIA-2023-0005-1112.docx
11/08/2025 - 17:42:11 - [INFO] - Updated metadata.json for NTIA-2023-0005-1112
11/08/2025 - 17:42:11 - [INFO] - PDF file saved as NTIA__CommentonFRDoc202307776__20230615__NTIA-2023-0005-1112.pdf
11/08/2025 - 17:42:11 - [INFO] - Found 0 attachments
11/08/2025 - 17:42:11 - [INFO] - Opened URL https://www.regulations.gov/comment/NTIA-2023-0005-1126
11/08/2025 - 17:42:12 - [INFO] - Found attachments: []
11/08/2025 - 17:42:12 - [INFO] - Found 0 attachments
11/08/2025 - 17:42:12 - [WARNING] - No PDF attachments found.
11/08/2025 - 17:42:13 - [INFO] - Opened URL https://www.regulations.gov/comment/NTIA-2023-0005-1132
11/08/2025 - 17:42:14 - [INFO] - Found attachments: []
11/08/2025 - 17:42:15 - [INFO] - Relevant abstract detected — saving as attachment 1/1
11/08/2025 - 17:42:15 - [INFO] - DOCX file saved as NTIA__CommentonFRDoc202307776__20230615__NTIA-2023-0005-1132.docx
11/08/2025 - 17:42:20 - [INFO] - Updated metadata.json for NTIA-2023-0005-1132
11/08/2025 - 17:42:20 - [INFO] - PDF file saved as NTIA__CommentonFRDoc202307776__20230615__NTIA-2023-0005-1132.pdf
11/08/2025 - 17:42:20 - [INFO] - Found 0 attachments
11/08/2025 - 17:42:21 - [INFO] - Opened URL https://www.regulations.gov/comment/NTIA-2023-0005-1203
11/08/2025 - 17:42:22 - [INFO] - Found attachments: []
11/08/2025 - 17:42:23 - [INFO] - Relevant abstract detected — saving as attachment 1/1
11/08/2025 - 17:42:23 - [INFO] - DOCX file saved as NTIA__CommentonFRDoc202307776__20230615__NTIA-2023-0005-1203.docx
11/08/2025 - 17:42:25 - [INFO] - Updated metadata.json for NTIA-2023-0005-1203
11/08/2025 - 17:42:25 - [INFO] - PDF file saved as NTIA__CommentonFRDoc202307776__20230615__NTIA-2023-0005-1203.pdf
11/08/2025 - 17:42:25 - [INFO] - Found 0 attachments
11/08/2025 - 17:42:26 - [INFO] - Opened URL https://www.regulations.gov/comment/NTIA-2023-0005-1105
11/08/2025 - 17:42:27 - [INFO] - Found attachments: []
11/08/2025 - 17:42:28 - [INFO] - Relevant abstract detected — saving as attachment 1/1
11/08/2025 - 17:42:28 - [INFO] - DOCX file saved as NTIA__CommentonFRDoc202307776__20230615__NTIA-2023-0005-1105.docx
11/08/2025 - 17:42:33 - [INFO] - Updated metadata.json for NTIA-2023-0005-1105
11/08/2025 - 17:42:33 - [INFO] - PDF file saved as NTIA__CommentonFRDoc202307776__20230615__NTIA-2023-0005-1105.pdf
11/08/2025 - 17:42:33 - [INFO] - Found 0 attachments
11/08/2025 - 17:42:34 - [INFO] - Opened URL https://www.regulations.gov/comment/NTIA-2023-0005-1157
11/08/2025 - 17:42:35 - [INFO] - Found attachments: []
11/08/2025 - 17:42:35 - [INFO] - Found 0 attachments
11/08/2025 - 17:42:35 - [WARNING] - No PDF attachments found.
11/08/2025 - 17:42:35 - [INFO] - Opened URL https://www.regulations.gov/comment/NTIA-2023-0005-1278
11/08/2025 - 17:42:46 - [ERROR] - Failed to load comment page.
11/08/2025 - 17:42:46 - [INFO] - Opened URL https://www.regulations.gov/comment/NTIA-2023-0005-1334
11/08/2025 - 17:42:47 - [INFO] - Found attachments: []
11/08/2025 - 17:42:47 - [INFO] - Found 0 attachments
11/08/2025 - 17:42:47 - [WARNING] - No PDF attachments found.
11/08/2025 - 17:42:48 - [INFO] - Opened URL https://www.regulations.gov/comment/NTIA-2023-0005-1286
11/08/2025 - 17:42:58 - [ERROR] - Failed to load comment page.
11/08/2025 - 17:42:59 - [INFO] - Opened URL https://www.regulations.gov/comment/NTIA-2023-0005-1293
11/08/2025 - 17:43:00 - [INFO] - Found attachments: []
11/08/2025 - 17:43:01 - [INFO] - Relevant abstract detected — saving as attachment 1/1
11/08/2025 - 17:43:01 - [INFO] - DOCX file saved as NTIA__CommentonFRDoc202307776__20230615__NTIA-2023-0005-1293.docx
11/08/2025 - 17:43:04 - [INFO] - Updated metadata.json for NTIA-2023-0005-1293
11/08/2025 - 17:43:04 - [INFO] - PDF file saved as NTIA__CommentonFRDoc202307776__20230615__NTIA-2023-0005-1293.pdf
11/08/2025 - 17:43:04 - [INFO] - Found 0 attachments
11/08/2025 - 17:43:05 - [INFO] - Opened URL https://www.regulations.gov/comment/NTIA-2023-0005-1297
11/08/2025 - 17:43:06 - [INFO] - Found attachments: []
11/08/2025 - 17:43:06 - [INFO] - Found 0 attachments
11/08/2025 - 17:43:06 - [WARNING] - No PDF attachments found.
11/08/2025 - 17:43:06 - [INFO] - Opened URL https://www.regulations.gov/comment/NTIA-2023-0005-1300
11/08/2025 - 17:43:17 - [ERROR] - Failed to load comment page.
11/08/2025 - 17:43:17 - [INFO] - Opened URL https://www.regulations.gov/comment/NTIA-2023-0005-1359
11/08/2025 - 17:43:27 - [ERROR] - Failed to load comment page.
11/08/2025 - 17:43:28 - [INFO] - Opened URL https://www.regulations.gov/comment/NTIA-2023-0005-1365
11/08/2025 - 17:43:38 - [ERROR] - Failed to load comment page.
11/08/2025 - 17:43:39 - [INFO] - Opened URL https://www.regulations.gov/comment/NTIA-2023-0005-1434
11/08/2025 - 17:43:49 - [ERROR] - Failed to load comment page.
11/08/2025 - 17:43:50 - [INFO] - Opened URL https://www.regulations.gov/comment/NTIA-2023-0005-1348
11/08/2025 - 17:43:51 - [INFO] - Found attachments: []
11/08/2025 - 17:43:52 - [INFO] - Relevant abstract detected — saving as attachment 1/1
11/08/2025 - 17:43:52 - [INFO] - DOCX file saved as NTIA__CommentonFRDoc202307776__20230615__NTIA-2023-0005-1348.docx
11/08/2025 - 17:43:54 - [INFO] - Updated metadata.json for NTIA-2023-0005-1348
11/08/2025 - 17:43:54 - [INFO] - PDF file saved as NTIA__CommentonFRDoc202307776__20230615__NTIA-2023-0005-1348.pdf
11/08/2025 - 17:43:54 - [INFO] - Found 0 attachments
11/08/2025 - 17:43:55 - [INFO] - Opened URL https://www.regulations.gov/comment/NTIA-2023-0005-1375
11/08/2025 - 17:44:05 - [ERROR] - Failed to load comment page.
11/08/2025 - 17:44:06 - [INFO] - Opened URL https://www.regulations.gov/comment/NTIA-2023-0005-1404
11/08/2025 - 17:44:16 - [ERROR] - Failed to load comment page.
11/08/2025 - 17:44:17 - [INFO] - Opened URL https://www.regulations.gov/comment/NTIA-2023-0005-1409
11/08/2025 - 17:44:18 - [INFO] - Found attachments: []
11/08/2025 - 17:44:19 - [INFO] - Relevant abstract detected — saving as attachment 1/1
11/08/2025 - 17:44:19 - [INFO] - DOCX file saved as NTIA__CommentonFRDoc202307776__20230615__NTIA-2023-0005-1409.docx
11/08/2025 - 17:44:24 - [INFO] - Updated metadata.json for NTIA-2023-0005-1409
11/08/2025 - 17:44:24 - [INFO] - PDF file saved as NTIA__CommentonFRDoc202307776__20230615__NTIA-2023-0005-1409.pdf
11/08/2025 - 17:44:24 - [INFO] - Found 0 attachments
11/08/2025 - 17:44:25 - [INFO] - Opened URL https://www.regulations.gov/comment/NTIA-2023-0005-1390
11/08/2025 - 17:44:35 - [ERROR] - Failed to load comment page.
11/08/2025 - 17:44:36 - [INFO] - Scraping page 7...
11/08/2025 - 17:44:46 - [WARNING] - No comments found on this page. Stopping.
